2026-01-18 14:47:09 Set object texture for: collection_7_cylinder_distractor
2026-01-18 14:47:09 Final texture type: 3 (random texture=0, color texture=1, image texture=2, procedural texture=3, material texture=4, none=5)
2026-01-18 14:47:09 Set BSDF Metallic: 0.0
2026-01-18 14:47:09 Set BSDF Specular: 0.359259554647413
2026-01-18 14:47:09 Set BSDF Roughness: 0.5901359544632923
2026-01-18 14:47:09 Set material texture: data/PBR_Textures/Metal028_1K-JPG ['Metal028_1K-JPG_NormalGL.jpg', 'Metal028_1K-JPG_Color.jpg', 'Metal028_1K-JPG.usdc', 'Metal028_1K-JPG_Roughness.jpg', 'Metal028.png', 'Metal028_1K-JPG_Displacement.jpg', 'Metal028_1K-JPG.blend', 'Metal028_1K-JPG_NormalDX.jpg', 'Metal028_1K-JPG.mtlx', 'Metal028_1K-JPG.tres', 'Metal028_1K-JPG_Metalness.jpg']
2026-01-18 14:47:09 Set object texture for: collection_2_icosphere_distractor
2026-01-18 14:47:09 Final texture type: 3 (random texture=0, color texture=1, image texture=2, procedural texture=3, material texture=4, none=5)
2026-01-18 14:47:09 Set BSDF Metallic: 0.0
2026-01-18 14:47:09 Set BSDF Specular: 0.4570234826084856
2026-01-18 14:47:09 Set BSDF Roughness: 0.7887685043710093
2026-01-18 14:47:09 Set material texture: data/PBR_Textures/Metal027_1K-JPG ['Metal027_1K-JPG.usdc', 'Metal027_1K-JPG.blend', 'Metal027_1K-JPG_NormalGL.jpg', 'Metal027_1K-JPG_Roughness.jpg', 'Metal027.png', 'Metal027_1K-JPG_Color.jpg', 'Metal027_1K-JPG.mtlx', 'Metal027_1K-JPG_Displacement.jpg', 'Metal027_1K-JPG_NormalDX.jpg', 'Metal027_1K-JPG.tres', 'Metal027_1K-JPG_Metalness.jpg']
2026-01-18 14:47:09 Set object texture for: collection_5_monkey_distractor
2026-01-18 14:47:09 Final texture type: 3 (random texture=0, color texture=1, image texture=2, procedural texture=3, material texture=4, none=5)
2026-01-18 14:47:09 Set BSDF Metallic: 0.0
2026-01-18 14:47:09 Set BSDF Specular: 0.4718176692430897
2026-01-18 14:47:09 Set BSDF Roughness: 0.656538400418585
2026-01-18 14:47:09 Set material texture: data/PBR_Textures/Metal028_1K-JPG ['Metal028_1K-JPG_NormalGL.jpg', 'Metal028_1K-JPG_Color.jpg', 'Metal028_1K-JPG.usdc', 'Metal028_1K-JPG_Roughness.jpg', 'Metal028.png', 'Metal028_1K-JPG_Displacement.jpg', 'Metal028_1K-JPG.blend', 'Metal028_1K-JPG_NormalDX.jpg', 'Metal028_1K-JPG.mtlx', 'Metal028_1K-JPG.tres', 'Metal028_1K-JPG_Metalness.jpg']
2026-01-18 14:47:09 Set object texture for: collection_1_icosphere_distractor
2026-01-18 14:47:09 Final texture type: 3 (random texture=0, color texture=1, image texture=2, procedural texture=3, material texture=4, none=5)
2026-01-18 14:47:09 Set BSDF Metallic: 0.0
2026-01-18 14:47:09 Set BSDF Specular: 0.46222028695592965
2026-01-18 14:47:09 Set BSDF Roughness: 0.5862960086487476
2026-01-18 14:47:09 Set material texture: data/PBR_Textures/Metal027_1K-JPG ['Metal027_1K-JPG.usdc', 'Metal027_1K-JPG.blend', 'Metal027_1K-JPG_NormalGL.jpg', 'Metal027_1K-JPG_Roughness.jpg', 'Metal027.png', 'Metal027_1K-JPG_Color.jpg', 'Metal027_1K-JPG.mtlx', 'Metal027_1K-JPG_Displacement.jpg', 'Metal027_1K-JPG_NormalDX.jpg', 'Metal027_1K-JPG.tres', 'Metal027_1K-JPG_Metalness.jpg']
2026-01-18 14:47:09 Set object texture for: collection_4_icosphere_distractor
2026-01-18 14:47:09 Final texture type: 3 (random texture=0, color texture=1, image texture=2, procedural texture=3, material texture=4, none=5)
2026-01-18 14:47:09 Set BSDF Metallic: 0.0
2026-01-18 14:47:09 Set BSDF Specular: 0.5010388582423946
2026-01-18 14:47:09 Set BSDF Roughness: 0.29662561204222865
2026-01-18 14:47:09 Set material texture: data/PBR_Textures/Metal028_1K-JPG ['Metal028_1K-JPG_NormalGL.jpg', 'Metal028_1K-JPG_Color.jpg', 'Metal028_1K-JPG.usdc', 'Metal028_1K-JPG_Roughness.jpg', 'Metal028.png', 'Metal028_1K-JPG_Displacement.jpg', 'Metal028_1K-JPG.blend', 'Metal028_1K-JPG_NormalDX.jpg', 'Metal028_1K-JPG.mtlx', 'Metal028_1K-JPG.tres', 'Metal028_1K-JPG_Metalness.jpg']
2026-01-18 14:47:09 Set object texture for: collection_8_cube_distractor
2026-01-18 14:47:09 Final texture type: 3 (random texture=0, color texture=1, image texture=2, procedural texture=3, material texture=4, none=5)
2026-01-18 14:47:09 Set BSDF Metallic: 0.0
2026-01-18 14:47:09 Set BSDF Specular: 0.4148357076547752
2026-01-18 14:47:09 Set BSDF Roughness: 0.36324146758969555
2026-01-18 14:47:09 Set material texture: data/PBR_Textures/Metal028_1K-JPG ['Metal028_1K-JPG_NormalGL.jpg', 'Metal028_1K-JPG_Color.jpg', 'Metal028_1K-JPG.usdc', 'Metal028_1K-JPG_Roughness.jpg', 'Metal028.png', 'Metal028_1K-JPG_Displacement.jpg', 'Metal028_1K-JPG.blend', 'Metal028_1K-JPG_NormalDX.jpg', 'Metal028_1K-JPG.mtlx', 'Metal028_1K-JPG.tres', 'Metal028_1K-JPG_Metalness.jpg']
2026-01-18 14:47:09 Set object texture for: collection_3_cube_distractor
2026-01-18 14:47:09 Final texture type: 3 (random texture=0, color texture=1, image texture=2, procedural texture=3, material texture=4, none=5)
2026-01-18 14:47:09 Set BSDF Metallic: 0.0
2026-01-18 14:47:09 Set BSDF Specular: 0.5853563885230595
2026-01-18 14:47:09 Set BSDF Roughness: 0.29487945021033446
2026-01-18 14:47:09 Set material texture: data/PBR_Textures/Metal028_1K-JPG ['Metal028_1K-JPG_NormalGL.jpg', 'Metal028_1K-JPG_Color.jpg', 'Metal028_1K-JPG.usdc', 'Metal028_1K-JPG_Roughness.jpg', 'Metal028.png', 'Metal028_1K-JPG_Displacement.jpg', 'Metal028_1K-JPG.blend', 'Metal028_1K-JPG_NormalDX.jpg', 'Metal028_1K-JPG.mtlx', 'Metal028_1K-JPG.tres', 'Metal028_1K-JPG_Metalness.jpg']
2026-01-18 14:47:09 Set object texture for: collection_6_uvsphere_distractor
2026-01-18 14:47:09 Final texture type: 3 (random texture=0, color texture=1, image texture=2, procedural texture=3, material texture=4, none=5)
2026-01-18 14:47:09 Set BSDF Metallic: 0.0
2026-01-18 14:47:09 Set BSDF Specular: 0.48499971837650624
2026-01-18 14:47:09 Set BSDF Roughness: 0.37440886745431645
2026-01-18 14:47:09 Set material texture: data/PBR_Textures/Metal027_1K-JPG ['Metal027_1K-JPG.usdc', 'Metal027_1K-JPG.blend', 'Metal027_1K-JPG_NormalGL.jpg', 'Metal027_1K-JPG_Roughness.jpg', 'Metal027.png', 'Metal027_1K-JPG_Color.jpg', 'Metal027_1K-JPG.mtlx', 'Metal027_1K-JPG_Displacement.jpg', 'Metal027_1K-JPG_NormalDX.jpg', 'Metal027_1K-JPG.tres', 'Metal027_1K-JPG_Metalness.jpg']
2026-01-18 14:47:09 Get ground_plane_diagonal=0.4242640687119285, ground_plane_diagonal_scale=0.5
2026-01-18 14:47:09 Set camera: r=0.5892556509887895 phi=31.160072087741796 theta=190.34975371902138 zoom_scale=0.5
2026-01-18 14:47:09 Set camera focal length =69.84845016839208
2026-01-18 14:47:09 Set num of lights: 2
2026-01-18 14:47:09 Set lights #0: location: <Vector (0.1427, 0.4121, 1.2964)> energy: 119.52308654785156 color: <Color (r=0.8466, g=0.9384, b=0.1261)>
2026-01-18 14:47:09 Set lights #1: location: <Vector (-0.2436, -0.4537, 1.2964)> energy: 99.13037109375 color: <Color (r=0.0659, g=0.7895, b=0.6232)>
2026-01-18 14:47:27 Rendered image to path: /Users/alanmorillo/waldo/SynMfg_Code/Render_Output/images filename: 12
2026-01-18 14:47:27 Time passed: 17.807240962982178
