2026-01-18 14:47:27 Use existing Collection: collection_ScrewThreaded.obj_object
2026-01-18 14:47:27 Set object name: object_ScrewThreaded.obj0
2026-01-18 14:47:27 Set object rotation x: 66.01454030896771, y: 231.16536651344143
2026-01-18 14:47:27 Set object texture for: collection_7_cone_distractor
2026-01-18 14:47:27 Final texture type: 3 (random texture=0, color texture=1, image texture=2, procedural texture=3, material texture=4, none=5)
2026-01-18 14:47:27 Set BSDF Metallic: 0.0
2026-01-18 14:47:27 Set BSDF Specular: 0.35448348344442004
2026-01-18 14:47:27 Set BSDF Roughness: 0.35911533928519107
2026-01-18 14:47:27 Set material texture: data/PBR_Textures/Metal028_1K-JPG ['Metal028_1K-JPG_NormalGL.jpg', 'Metal028_1K-JPG_Color.jpg', 'Metal028_1K-JPG.usdc', 'Metal028_1K-JPG_Roughness.jpg', 'Metal028.png', 'Metal028_1K-JPG_Displacement.jpg', 'Metal028_1K-JPG.blend', 'Metal028_1K-JPG_NormalDX.jpg', 'Metal028_1K-JPG.mtlx', 'Metal028_1K-JPG.tres', 'Metal028_1K-JPG_Metalness.jpg']
2026-01-18 14:47:27 Set object texture for: collection_5_monkey_distractor
2026-01-18 14:47:27 Final texture type: 3 (random texture=0, color texture=1, image texture=2, procedural texture=3, material texture=4, none=5)
2026-01-18 14:47:27 Set BSDF Metallic: 0.0
2026-01-18 14:47:27 Set BSDF Specular: 0.28643674750674375
2026-01-18 14:47:27 Set BSDF Roughness: 0.4988453585086931
2026-01-18 14:47:27 Set material texture: data/PBR_Textures/Metal027_1K-JPG ['Metal027_1K-JPG.usdc', 'Metal027_1K-JPG.blend', 'Metal027_1K-JPG_NormalGL.jpg', 'Metal027_1K-JPG_Roughness.jpg', 'Metal027.png', 'Metal027_1K-JPG_Color.jpg', 'Metal027_1K-JPG.mtlx', 'Metal027_1K-JPG_Displacement.jpg', 'Metal027_1K-JPG_NormalDX.jpg', 'Metal027_1K-JPG.tres', 'Metal027_1K-JPG_Metalness.jpg']
2026-01-18 14:47:27 Set object texture for: collection_8_cone_distractor
2026-01-18 14:47:27 Final texture type: 3 (random texture=0, color texture=1, image texture=2, procedural texture=3, material texture=4, none=5)
2026-01-18 14:47:27 Set BSDF Metallic: 0.0
2026-01-18 14:47:27 Set BSDF Specular: 0.7184385776279716
2026-01-18 14:47:27 Set BSDF Roughness: 0.6350714709041403
2026-01-18 14:47:27 Set material texture: data/PBR_Textures/Metal028_1K-JPG ['Metal028_1K-JPG_NormalGL.jpg', 'Metal028_1K-JPG_Color.jpg', 'Metal028_1K-JPG.usdc', 'Metal028_1K-JPG_Roughness.jpg', 'Metal028.png', 'Metal028_1K-JPG_Displacement.jpg', 'Metal028_1K-JPG.blend', 'Metal028_1K-JPG_NormalDX.jpg', 'Metal028_1K-JPG.mtlx', 'Metal028_1K-JPG.tres', 'Metal028_1K-JPG_Metalness.jpg']
2026-01-18 14:47:27 Set object texture for: collection_3_monkey_distractor
2026-01-18 14:47:27 Final texture type: 3 (random texture=0, color texture=1, image texture=2, procedural texture=3, material texture=4, none=5)
2026-01-18 14:47:27 Set BSDF Metallic: 0.0
2026-01-18 14:47:27 Set BSDF Specular: 0.22960794514557553
2026-01-18 14:47:27 Set BSDF Roughness: 0.5289212466412012
2026-01-18 14:47:27 Set material texture: data/PBR_Textures/Metal028_1K-JPG ['Metal028_1K-JPG_NormalGL.jpg', 'Metal028_1K-JPG_Color.jpg', 'Metal028_1K-JPG.usdc', 'Metal028_1K-JPG_Roughness.jpg', 'Metal028.png', 'Metal028_1K-JPG_Displacement.jpg', 'Metal028_1K-JPG.blend', 'Metal028_1K-JPG_NormalDX.jpg', 'Metal028_1K-JPG.mtlx', 'Metal028_1K-JPG.tres', 'Metal028_1K-JPG_Metalness.jpg']
2026-01-18 14:47:27 Set object texture for: collection_ScrewThreaded.obj_object
2026-01-18 14:47:27 Final texture type: 3 (random texture=0, color texture=1, image texture=2, procedural texture=3, material texture=4, none=5)
2026-01-18 14:47:27 Set BSDF Metallic: 0.0
2026-01-18 14:47:27 Set BSDF Specular: 0.23909497980533978
2026-01-18 14:47:27 Set BSDF Roughness: 0.6822236437915308
2026-01-18 14:47:27 Set material texture: data/PBR_Textures/Metal027_1K-JPG ['Metal027_1K-JPG.usdc', 'Metal027_1K-JPG.blend', 'Metal027_1K-JPG_NormalGL.jpg', 'Metal027_1K-JPG_Roughness.jpg', 'Metal027.png', 'Metal027_1K-JPG_Color.jpg', 'Metal027_1K-JPG.mtlx', 'Metal027_1K-JPG_Displacement.jpg', 'Metal027_1K-JPG_NormalDX.jpg', 'Metal027_1K-JPG.tres', 'Metal027_1K-JPG_Metalness.jpg']
2026-01-18 14:47:27 Set object texture for: collection_9_cone_distractor
2026-01-18 14:47:27 Final texture type: 3 (random texture=0, color texture=1, image texture=2, procedural texture=3, material texture=4, none=5)
2026-01-18 14:47:27 Set BSDF Metallic: 0.0
2026-01-18 14:47:27 Set BSDF Specular: 0.563037449384189
2026-01-18 14:47:27 Set BSDF Roughness: 0.6868369724391439
2026-01-18 14:47:27 Set material texture: data/PBR_Textures/Metal027_1K-JPG ['Metal027_1K-JPG.usdc', 'Metal027_1K-JPG.blend', 'Metal027_1K-JPG_NormalGL.jpg', 'Metal027_1K-JPG_Roughness.jpg', 'Metal027.png', 'Metal027_1K-JPG_Color.jpg', 'Metal027_1K-JPG.mtlx', 'Metal027_1K-JPG_Displacement.jpg', 'Metal027_1K-JPG_NormalDX.jpg', 'Metal027_1K-JPG.tres', 'Metal027_1K-JPG_Metalness.jpg']
2026-01-18 14:47:27 Set object texture for: collection_6_icosphere_distractor
2026-01-18 14:47:27 Final texture type: 3 (random texture=0, color texture=1, image texture=2, procedural texture=3, material texture=4, none=5)
2026-01-18 14:47:27 Set BSDF Metallic: 0.0
2026-01-18 14:47:27 Set BSDF Specular: 0.6371276839999984
2026-01-18 14:47:27 Set BSDF Roughness: 0.6036014288549096
2026-01-18 14:47:27 Set material texture: data/PBR_Textures/Metal027_1K-JPG ['Metal027_1K-JPG.usdc', 'Metal027_1K-JPG.blend', 'Metal027_1K-JPG_NormalGL.jpg', 'Metal027_1K-JPG_Roughness.jpg', 'Metal027.png', 'Metal027_1K-JPG_Color.jpg', 'Metal027_1K-JPG.mtlx', 'Metal027_1K-JPG_Displacement.jpg', 'Metal027_1K-JPG_NormalDX.jpg', 'Metal027_1K-JPG.tres', 'Metal027_1K-JPG_Metalness.jpg']
2026-01-18 14:47:27 Set object texture for: collection_2_monkey_distractor
2026-01-18 14:47:27 Final texture type: 3 (random texture=0, color texture=1, image texture=2, procedural texture=3, material texture=4, none=5)
2026-01-18 14:47:27 Set BSDF Metallic: 0.0
2026-01-18 14:47:27 Set BSDF Specular: 0.2513810410569109
2026-01-18 14:47:27 Set BSDF Roughness: 0.6225509357019707
2026-01-18 14:47:27 Set material texture: data/PBR_Textures/Metal027_1K-JPG ['Metal027_1K-JPG.usdc', 'Metal027_1K-JPG.blend', 'Metal027_1K-JPG_NormalGL.jpg', 'Metal027_1K-JPG_Roughness.jpg', 'Metal027.png', 'Metal027_1K-JPG_Color.jpg', 'Metal027_1K-JPG.mtlx', 'Metal027_1K-JPG_Displacement.jpg', 'Metal027_1K-JPG_NormalDX.jpg', 'Metal027_1K-JPG.tres', 'Metal027_1K-JPG_Metalness.jpg']
2026-01-18 14:47:27 Set object texture for: collection_4_monkey_distractor
2026-01-18 14:47:27 Final texture type: 3 (random texture=0, color texture=1, image texture=2, procedural texture=3, material texture=4, none=5)
2026-01-18 14:47:27 Set BSDF Metallic: 0.0
2026-01-18 14:47:27 Set BSDF Specular: 0.3813812595969114
2026-01-18 14:47:27 Set BSDF Roughness: 0.2025270908876294
2026-01-18 14:47:27 Set material texture: data/PBR_Textures/Metal028_1K-JPG ['Metal028_1K-JPG_NormalGL.jpg', 'Metal028_1K-JPG_Color.jpg', 'Metal028_1K-JPG.usdc', 'Metal028_1K-JPG_Roughness.jpg', 'Metal028.png', 'Metal028_1K-JPG_Displacement.jpg', 'Metal028_1K-JPG.blend', 'Metal028_1K-JPG_NormalDX.jpg', 'Metal028_1K-JPG.mtlx', 'Metal028_1K-JPG.tres', 'Metal028_1K-JPG_Metalness.jpg']
2026-01-18 14:47:27 Set object texture for: collection_1_cube_distractor
2026-01-18 14:47:27 Final texture type: 3 (random texture=0, color texture=1, image texture=2, procedural texture=3, material texture=4, none=5)
2026-01-18 14:47:27 Set BSDF Metallic: 0.0
2026-01-18 14:47:27 Set BSDF Specular: 0.5294876844579375
2026-01-18 14:47:27 Set BSDF Roughness: 0.4189477794492079
2026-01-18 14:47:27 Set material texture: data/PBR_Textures/Metal027_1K-JPG ['Metal027_1K-JPG.usdc', 'Metal027_1K-JPG.blend', 'Metal027_1K-JPG_NormalGL.jpg', 'Metal027_1K-JPG_Roughness.jpg', 'Metal027.png', 'Metal027_1K-JPG_Color.jpg', 'Metal027_1K-JPG.mtlx', 'Metal027_1K-JPG_Displacement.jpg', 'Metal027_1K-JPG_NormalDX.jpg', 'Metal027_1K-JPG.tres', 'Metal027_1K-JPG_Metalness.jpg']
2026-01-18 14:47:27 Get ground_plane_diagonal=1.6179268488120855, ground_plane_diagonal_scale=0.5
2026-01-18 14:47:27 Set camera: r=2.2471206233501184 phi=31.653262329691046 theta=273.51586459649815 zoom_scale=0.5
2026-01-18 14:47:27 Set camera focal length =40.381713596782944
2026-01-18 14:47:27 Set num of lights: 9
2026-01-18 14:47:27 Set lights #0: location: <Vector (0.7830, -0.8902, 4.9437)> energy: 123.42523956298828 color: <Color (r=0.7342, g=0.5782, b=0.3691)>
2026-01-18 14:47:27 Set lights #1: location: <Vector (0.2749, 0.2866, 4.9437)> energy: 136.7656707763672 color: <Color (r=0.2958, g=0.4989, b=0.4408)>
2026-01-18 14:47:27 Set lights #2: location: <Vector (-1.3679, -1.5881, 4.9437)> energy: 74.23553466796875 color: <Color (r=0.2568, g=0.2642, b=0.1468)>
2026-01-18 14:47:27 Set lights #3: location: <Vector (1.5727, -1.3868, 4.9437)> energy: 68.10612487792969 color: <Color (r=0.9298, g=0.7208, b=0.9719)>
2026-01-18 14:47:27 Set lights #4: location: <Vector (0.3349, -1.5830, 4.9437)> energy: 139.6697998046875 color: <Color (r=0.2039, g=0.8086, b=0.3099)>
2026-01-18 14:47:27 Set lights #5: location: <Vector (2.1015, -1.1812, 4.9437)> energy: 10.532968521118164 color: <Color (r=0.4511, g=0.9861, b=0.0036)>
2026-01-18 14:47:27 Set lights #6: location: <Vector (1.9513, 0.6600, 4.9437)> energy: 149.066650390625 color: <Color (r=0.6375, g=0.7118, b=0.3695)>
2026-01-18 14:47:27 Set lights #7: location: <Vector (-1.0643, -1.2947, 4.9437)> energy: 53.84341049194336 color: <Color (r=0.6071, g=0.7669, b=0.3312)>
2026-01-18 14:47:27 Set lights #8: location: <Vector (-0.3866, 0.6624, 4.9437)> energy: 13.987128257751465 color: <Color (r=0.9737, g=0.5190, b=0.1701)>
2026-01-18 14:47:53 Rendered image to path: /Users/alanmorillo/waldo/SynMfg_Code/Render_Output/images filename: 13
2026-01-18 14:47:53 Time passed: 25.87564992904663
