2026-01-18 14:48:20 Set object texture for: collection_3_uvsphere_distractor
2026-01-18 14:48:20 Final texture type: 3 (random texture=0, color texture=1, image texture=2, procedural texture=3, material texture=4, none=5)
2026-01-18 14:48:20 Set BSDF Metallic: 0.0
2026-01-18 14:48:20 Set BSDF Specular: 0.7347757469646525
2026-01-18 14:48:20 Set BSDF Roughness: 0.35376340417362384
2026-01-18 14:48:20 Set material texture: data/PBR_Textures/Metal027_1K-JPG ['Metal027_1K-JPG.usdc', 'Metal027_1K-JPG.blend', 'Metal027_1K-JPG_NormalGL.jpg', 'Metal027_1K-JPG_Roughness.jpg', 'Metal027.png', 'Metal027_1K-JPG_Color.jpg', 'Metal027_1K-JPG.mtlx', 'Metal027_1K-JPG_Displacement.jpg', 'Metal027_1K-JPG_NormalDX.jpg', 'Metal027_1K-JPG.tres', 'Metal027_1K-JPG_Metalness.jpg']
2026-01-18 14:48:20 Set object texture for: collection_2_cylinder_distractor
2026-01-18 14:48:20 Final texture type: 3 (random texture=0, color texture=1, image texture=2, procedural texture=3, material texture=4, none=5)
2026-01-18 14:48:20 Set BSDF Metallic: 0.0
2026-01-18 14:48:20 Set BSDF Specular: 0.7891006691055862
2026-01-18 14:48:20 Set BSDF Roughness: 0.5018908965137037
2026-01-18 14:48:20 Set material texture: data/PBR_Textures/Metal028_1K-JPG ['Metal028_1K-JPG_NormalGL.jpg', 'Metal028_1K-JPG_Color.jpg', 'Metal028_1K-JPG.usdc', 'Metal028_1K-JPG_Roughness.jpg', 'Metal028.png', 'Metal028_1K-JPG_Displacement.jpg', 'Metal028_1K-JPG.blend', 'Metal028_1K-JPG_NormalDX.jpg', 'Metal028_1K-JPG.mtlx', 'Metal028_1K-JPG.tres', 'Metal028_1K-JPG_Metalness.jpg']
2026-01-18 14:48:20 Set object texture for: collection_1_cone_distractor
2026-01-18 14:48:20 Final texture type: 3 (random texture=0, color texture=1, image texture=2, procedural texture=3, material texture=4, none=5)
2026-01-18 14:48:20 Set BSDF Metallic: 0.0
2026-01-18 14:48:20 Set BSDF Specular: 0.6894210593941312
2026-01-18 14:48:20 Set BSDF Roughness: 0.6898650968444416
2026-01-18 14:48:20 Set material texture: data/PBR_Textures/Metal027_1K-JPG ['Metal027_1K-JPG.usdc', 'Metal027_1K-JPG.blend', 'Metal027_1K-JPG_NormalGL.jpg', 'Metal027_1K-JPG_Roughness.jpg', 'Metal027.png', 'Metal027_1K-JPG_Color.jpg', 'Metal027_1K-JPG.mtlx', 'Metal027_1K-JPG_Displacement.jpg', 'Metal027_1K-JPG_NormalDX.jpg', 'Metal027_1K-JPG.tres', 'Metal027_1K-JPG_Metalness.jpg']
2026-01-18 14:48:20 Set object texture for: collection_4_uvsphere_distractor
2026-01-18 14:48:20 Final texture type: 3 (random texture=0, color texture=1, image texture=2, procedural texture=3, material texture=4, none=5)
2026-01-18 14:48:20 Set BSDF Metallic: 0.0
2026-01-18 14:48:20 Set BSDF Specular: 0.20849195514847194
2026-01-18 14:48:20 Set BSDF Roughness: 0.28458121889756843
2026-01-18 14:48:20 Set material texture: data/PBR_Textures/Metal028_1K-JPG ['Metal028_1K-JPG_NormalGL.jpg', 'Metal028_1K-JPG_Color.jpg', 'Metal028_1K-JPG.usdc', 'Metal028_1K-JPG_Roughness.jpg', 'Metal028.png', 'Metal028_1K-JPG_Displacement.jpg', 'Metal028_1K-JPG.blend', 'Metal028_1K-JPG_NormalDX.jpg', 'Metal028_1K-JPG.mtlx', 'Metal028_1K-JPG.tres', 'Metal028_1K-JPG_Metalness.jpg']
2026-01-18 14:48:20 Get ground_plane_diagonal=0.4242640687119285, ground_plane_diagonal_scale=0.5
2026-01-18 14:48:20 Set camera: r=0.5892556509887895 phi=11.820403483450555 theta=20.743419251705753 zoom_scale=0.5
2026-01-18 14:48:20 Set camera focal length =58.16916792986557
2026-01-18 14:48:20 Set num of lights: 2
2026-01-18 14:48:20 Set lights #0: location: <Vector (0.4755, -0.1745, 1.2964)> energy: 53.67327117919922 color: <Color (r=0.2592, g=0.8730, b=0.7913)>
2026-01-18 14:48:20 Set lights #1: location: <Vector (0.2608, 0.0466, 1.2964)> energy: 68.27452850341797 color: <Color (r=0.1222, g=0.8061, b=0.8720)>
2026-01-18 14:48:39 Rendered image to path: /Users/alanmorillo/waldo/SynMfg_Code/Render_Output/images filename: 15
2026-01-18 14:48:39 Time passed: 19.43829607963562
