2026-01-18 14:48:39 Set object texture for: collection_8_monkey_distractor
2026-01-18 14:48:39 Final texture type: 3 (random texture=0, color texture=1, image texture=2, procedural texture=3, material texture=4, none=5)
2026-01-18 14:48:39 Set BSDF Metallic: 0.0
2026-01-18 14:48:39 Set BSDF Specular: 0.3125871905078423
2026-01-18 14:48:39 Set BSDF Roughness: 0.7288381243119841
2026-01-18 14:48:39 Set material texture: data/PBR_Textures/Metal028_1K-JPG ['Metal028_1K-JPG_NormalGL.jpg', 'Metal028_1K-JPG_Color.jpg', 'Metal028_1K-JPG.usdc', 'Metal028_1K-JPG_Roughness.jpg', 'Metal028.png', 'Metal028_1K-JPG_Displacement.jpg', 'Metal028_1K-JPG.blend', 'Metal028_1K-JPG_NormalDX.jpg', 'Metal028_1K-JPG.mtlx', 'Metal028_1K-JPG.tres', 'Metal028_1K-JPG_Metalness.jpg']
2026-01-18 14:48:39 Set object texture for: collection_1_cone_distractor
2026-01-18 14:48:39 Final texture type: 3 (random texture=0, color texture=1, image texture=2, procedural texture=3, material texture=4, none=5)
2026-01-18 14:48:39 Set BSDF Metallic: 0.0
2026-01-18 14:48:39 Set BSDF Specular: 0.5948280934910349
2026-01-18 14:48:39 Set BSDF Roughness: 0.7099322660429241
2026-01-18 14:48:39 Set material texture: data/PBR_Textures/Metal027_1K-JPG ['Metal027_1K-JPG.usdc', 'Metal027_1K-JPG.blend', 'Metal027_1K-JPG_NormalGL.jpg', 'Metal027_1K-JPG_Roughness.jpg', 'Metal027.png', 'Metal027_1K-JPG_Color.jpg', 'Metal027_1K-JPG.mtlx', 'Metal027_1K-JPG_Displacement.jpg', 'Metal027_1K-JPG_NormalDX.jpg', 'Metal027_1K-JPG.tres', 'Metal027_1K-JPG_Metalness.jpg']
2026-01-18 14:48:39 Set object texture for: collection_4_cone_distractor
2026-01-18 14:48:39 Final texture type: 3 (random texture=0, color texture=1, image texture=2, procedural texture=3, material texture=4, none=5)
2026-01-18 14:48:39 Set BSDF Metallic: 0.0
2026-01-18 14:48:39 Set BSDF Specular: 0.2437863033467457
2026-01-18 14:48:39 Set BSDF Roughness: 0.7615453928434872
2026-01-18 14:48:39 Set material texture: data/PBR_Textures/Metal027_1K-JPG ['Metal027_1K-JPG.usdc', 'Metal027_1K-JPG.blend', 'Metal027_1K-JPG_NormalGL.jpg', 'Metal027_1K-JPG_Roughness.jpg', 'Metal027.png', 'Metal027_1K-JPG_Color.jpg', 'Metal027_1K-JPG.mtlx', 'Metal027_1K-JPG_Displacement.jpg', 'Metal027_1K-JPG_NormalDX.jpg', 'Metal027_1K-JPG.tres', 'Metal027_1K-JPG_Metalness.jpg']
2026-01-18 14:48:39 Set object texture for: collection_3_icosphere_distractor
2026-01-18 14:48:39 Final texture type: 3 (random texture=0, color texture=1, image texture=2, procedural texture=3, material texture=4, none=5)
2026-01-18 14:48:39 Set BSDF Metallic: 0.0
2026-01-18 14:48:39 Set BSDF Specular: 0.5727830748414253
2026-01-18 14:48:39 Set BSDF Roughness: 0.701453470750574
2026-01-18 14:48:39 Set material texture: data/PBR_Textures/Metal028_1K-JPG ['Metal028_1K-JPG_NormalGL.jpg', 'Metal028_1K-JPG_Color.jpg', 'Metal028_1K-JPG.usdc', 'Metal028_1K-JPG_Roughness.jpg', 'Metal028.png', 'Metal028_1K-JPG_Displacement.jpg', 'Metal028_1K-JPG.blend', 'Metal028_1K-JPG_NormalDX.jpg', 'Metal028_1K-JPG.mtlx', 'Metal028_1K-JPG.tres', 'Metal028_1K-JPG_Metalness.jpg']
2026-01-18 14:48:39 Set object texture for: collection_5_icosphere_distractor
2026-01-18 14:48:39 Final texture type: 3 (random texture=0, color texture=1, image texture=2, procedural texture=3, material texture=4, none=5)
2026-01-18 14:48:39 Set BSDF Metallic: 0.0
2026-01-18 14:48:39 Set BSDF Specular: 0.6710838432782387
2026-01-18 14:48:39 Set BSDF Roughness: 0.7558880578043292
2026-01-18 14:48:39 Set material texture: data/PBR_Textures/Metal027_1K-JPG ['Metal027_1K-JPG.usdc', 'Metal027_1K-JPG.blend', 'Metal027_1K-JPG_NormalGL.jpg', 'Metal027_1K-JPG_Roughness.jpg', 'Metal027.png', 'Metal027_1K-JPG_Color.jpg', 'Metal027_1K-JPG.mtlx', 'Metal027_1K-JPG_Displacement.jpg', 'Metal027_1K-JPG_NormalDX.jpg', 'Metal027_1K-JPG.tres', 'Metal027_1K-JPG_Metalness.jpg']
2026-01-18 14:48:39 Set object texture for: collection_2_cone_distractor
2026-01-18 14:48:39 Final texture type: 3 (random texture=0, color texture=1, image texture=2, procedural texture=3, material texture=4, none=5)
2026-01-18 14:48:39 Set BSDF Metallic: 0.0
2026-01-18 14:48:39 Set BSDF Specular: 0.293760750245879
2026-01-18 14:48:39 Set BSDF Roughness: 0.7739319955383293
2026-01-18 14:48:39 Set material texture: data/PBR_Textures/Metal027_1K-JPG ['Metal027_1K-JPG.usdc', 'Metal027_1K-JPG.blend', 'Metal027_1K-JPG_NormalGL.jpg', 'Metal027_1K-JPG_Roughness.jpg', 'Metal027.png', 'Metal027_1K-JPG_Color.jpg', 'Metal027_1K-JPG.mtlx', 'Metal027_1K-JPG_Displacement.jpg', 'Metal027_1K-JPG_NormalDX.jpg', 'Metal027_1K-JPG.tres', 'Metal027_1K-JPG_Metalness.jpg']
2026-01-18 14:48:39 Set object texture for: collection_9_uvsphere_distractor
2026-01-18 14:48:39 Final texture type: 3 (random texture=0, color texture=1, image texture=2, procedural texture=3, material texture=4, none=5)
2026-01-18 14:48:39 Set BSDF Metallic: 0.0
2026-01-18 14:48:39 Set BSDF Specular: 0.2578774418278229
2026-01-18 14:48:39 Set BSDF Roughness: 0.6766071224280761
2026-01-18 14:48:39 Set material texture: data/PBR_Textures/Metal028_1K-JPG ['Metal028_1K-JPG_NormalGL.jpg', 'Metal028_1K-JPG_Color.jpg', 'Metal028_1K-JPG.usdc', 'Metal028_1K-JPG_Roughness.jpg', 'Metal028.png', 'Metal028_1K-JPG_Displacement.jpg', 'Metal028_1K-JPG.blend', 'Metal028_1K-JPG_NormalDX.jpg', 'Metal028_1K-JPG.mtlx', 'Metal028_1K-JPG.tres', 'Metal028_1K-JPG_Metalness.jpg']
2026-01-18 14:48:39 Set object texture for: collection_6_cube_distractor
2026-01-18 14:48:39 Final texture type: 3 (random texture=0, color texture=1, image texture=2, procedural texture=3, material texture=4, none=5)
2026-01-18 14:48:39 Set BSDF Metallic: 0.0
2026-01-18 14:48:39 Set BSDF Specular: 0.24631780328467207
2026-01-18 14:48:39 Set BSDF Roughness: 0.5521086154464888
2026-01-18 14:48:39 Set material texture: data/PBR_Textures/Metal027_1K-JPG ['Metal027_1K-JPG.usdc', 'Metal027_1K-JPG.blend', 'Metal027_1K-JPG_NormalGL.jpg', 'Metal027_1K-JPG_Roughness.jpg', 'Metal027.png', 'Metal027_1K-JPG_Color.jpg', 'Metal027_1K-JPG.mtlx', 'Metal027_1K-JPG_Displacement.jpg', 'Metal027_1K-JPG_NormalDX.jpg', 'Metal027_1K-JPG.tres', 'Metal027_1K-JPG_Metalness.jpg']
2026-01-18 14:48:39 Set object texture for: collection_7_cube_distractor
2026-01-18 14:48:39 Final texture type: 3 (random texture=0, color texture=1, image texture=2, procedural texture=3, material texture=4, none=5)
2026-01-18 14:48:39 Set BSDF Metallic: 0.0
2026-01-18 14:48:39 Set BSDF Specular: 0.3285774935338299
2026-01-18 14:48:39 Set BSDF Roughness: 0.6265789416156515
2026-01-18 14:48:39 Set material texture: data/PBR_Textures/Metal027_1K-JPG ['Metal027_1K-JPG.usdc', 'Metal027_1K-JPG.blend', 'Metal027_1K-JPG_NormalGL.jpg', 'Metal027_1K-JPG_Roughness.jpg', 'Metal027.png', 'Metal027_1K-JPG_Color.jpg', 'Metal027_1K-JPG.mtlx', 'Metal027_1K-JPG_Displacement.jpg', 'Metal027_1K-JPG_NormalDX.jpg', 'Metal027_1K-JPG.tres', 'Metal027_1K-JPG_Metalness.jpg']
2026-01-18 14:48:39 Get ground_plane_diagonal=0.4242640687119285, ground_plane_diagonal_scale=0.5
2026-01-18 14:48:39 Set camera: r=0.5892556509887895 phi=30.787379591028735 theta=17.468315454404248 zoom_scale=0.5
2026-01-18 14:48:39 Set camera focal length =52.20905380495219
2026-01-18 14:48:39 Set num of lights: 2
2026-01-18 14:48:39 Set lights #0: location: <Vector (0.6278, 0.0530, 1.2964)> energy: 115.10690307617188 color: <Color (r=0.1212, g=0.7572, b=0.4074)>
2026-01-18 14:48:39 Set lights #1: location: <Vector (-0.2342, -0.1296, 1.2964)> energy: 41.80419921875 color: <Color (r=0.2467, g=0.0715, b=0.8368)>
2026-01-18 14:48:59 Rendered image to path: /Users/alanmorillo/waldo/SynMfg_Code/Render_Output/images filename: 16
2026-01-18 14:48:59 Time passed: 20.095890998840332
