2026-01-18 14:48:59 Set object texture for: collection_5_cube_distractor
2026-01-18 14:48:59 Final texture type: 3 (random texture=0, color texture=1, image texture=2, procedural texture=3, material texture=4, none=5)
2026-01-18 14:48:59 Set BSDF Metallic: 0.0
2026-01-18 14:48:59 Set BSDF Specular: 0.6303565908447541
2026-01-18 14:48:59 Set BSDF Roughness: 0.5676205697625378
2026-01-18 14:48:59 Set material texture: data/PBR_Textures/Metal028_1K-JPG ['Metal028_1K-JPG_NormalGL.jpg', 'Metal028_1K-JPG_Color.jpg', 'Metal028_1K-JPG.usdc', 'Metal028_1K-JPG_Roughness.jpg', 'Metal028.png', 'Metal028_1K-JPG_Displacement.jpg', 'Metal028_1K-JPG.blend', 'Metal028_1K-JPG_NormalDX.jpg', 'Metal028_1K-JPG.mtlx', 'Metal028_1K-JPG.tres', 'Metal028_1K-JPG_Metalness.jpg']
2026-01-18 14:48:59 Set object texture for: collection_3_uvsphere_distractor
2026-01-18 14:48:59 Final texture type: 3 (random texture=0, color texture=1, image texture=2, procedural texture=3, material texture=4, none=5)
2026-01-18 14:48:59 Set BSDF Metallic: 0.0
2026-01-18 14:48:59 Set BSDF Specular: 0.2549527917973211
2026-01-18 14:48:59 Set BSDF Roughness: 0.43589559827971136
2026-01-18 14:48:59 Set material texture: data/PBR_Textures/Metal027_1K-JPG ['Metal027_1K-JPG.usdc', 'Metal027_1K-JPG.blend', 'Metal027_1K-JPG_NormalGL.jpg', 'Metal027_1K-JPG_Roughness.jpg', 'Metal027.png', 'Metal027_1K-JPG_Color.jpg', 'Metal027_1K-JPG.mtlx', 'Metal027_1K-JPG_Displacement.jpg', 'Metal027_1K-JPG_NormalDX.jpg', 'Metal027_1K-JPG.tres', 'Metal027_1K-JPG_Metalness.jpg']
2026-01-18 14:48:59 Set object texture for: collection_6_icosphere_distractor
2026-01-18 14:48:59 Final texture type: 3 (random texture=0, color texture=1, image texture=2, procedural texture=3, material texture=4, none=5)
2026-01-18 14:48:59 Set BSDF Metallic: 0.0
2026-01-18 14:48:59 Set BSDF Specular: 0.3099541591527996
2026-01-18 14:48:59 Set BSDF Roughness: 0.5404720025185995
2026-01-18 14:48:59 Set material texture: data/PBR_Textures/Metal027_1K-JPG ['Metal027_1K-JPG.usdc', 'Metal027_1K-JPG.blend', 'Metal027_1K-JPG_NormalGL.jpg', 'Metal027_1K-JPG_Roughness.jpg', 'Metal027.png', 'Metal027_1K-JPG_Color.jpg', 'Metal027_1K-JPG.mtlx', 'Metal027_1K-JPG_Displacement.jpg', 'Metal027_1K-JPG_NormalDX.jpg', 'Metal027_1K-JPG.tres', 'Metal027_1K-JPG_Metalness.jpg']
2026-01-18 14:48:59 Set object texture for: collection_9_cylinder_distractor
2026-01-18 14:48:59 Final texture type: 3 (random texture=0, color texture=1, image texture=2, procedural texture=3, material texture=4, none=5)
2026-01-18 14:48:59 Set BSDF Metallic: 0.0
2026-01-18 14:48:59 Set BSDF Specular: 0.733197494183613
2026-01-18 14:48:59 Set BSDF Roughness: 0.6955144355082983
2026-01-18 14:48:59 Set material texture: data/PBR_Textures/Metal027_1K-JPG ['Metal027_1K-JPG.usdc', 'Metal027_1K-JPG.blend', 'Metal027_1K-JPG_NormalGL.jpg', 'Metal027_1K-JPG_Roughness.jpg', 'Metal027.png', 'Metal027_1K-JPG_Color.jpg', 'Metal027_1K-JPG.mtlx', 'Metal027_1K-JPG_Displacement.jpg', 'Metal027_1K-JPG_NormalDX.jpg', 'Metal027_1K-JPG.tres', 'Metal027_1K-JPG_Metalness.jpg']
2026-01-18 14:48:59 Set object texture for: collection_4_cylinder_distractor
2026-01-18 14:48:59 Final texture type: 3 (random texture=0, color texture=1, image texture=2, procedural texture=3, material texture=4, none=5)
2026-01-18 14:48:59 Set BSDF Metallic: 0.0
2026-01-18 14:48:59 Set BSDF Specular: 0.51058137173204
2026-01-18 14:48:59 Set BSDF Roughness: 0.6143688215609484
2026-01-18 14:48:59 Set material texture: data/PBR_Textures/Metal027_1K-JPG ['Metal027_1K-JPG.usdc', 'Metal027_1K-JPG.blend', 'Metal027_1K-JPG_NormalGL.jpg', 'Metal027_1K-JPG_Roughness.jpg', 'Metal027.png', 'Metal027_1K-JPG_Color.jpg', 'Metal027_1K-JPG.mtlx', 'Metal027_1K-JPG_Displacement.jpg', 'Metal027_1K-JPG_NormalDX.jpg', 'Metal027_1K-JPG.tres', 'Metal027_1K-JPG_Metalness.jpg']
2026-01-18 14:48:59 Set object texture for: collection_7_uvsphere_distractor
2026-01-18 14:48:59 Final texture type: 3 (random texture=0, color texture=1, image texture=2, procedural texture=3, material texture=4, none=5)
2026-01-18 14:48:59 Set BSDF Metallic: 0.0
2026-01-18 14:48:59 Set BSDF Specular: 0.49941128380089683
2026-01-18 14:48:59 Set BSDF Roughness: 0.7845473873783426
2026-01-18 14:48:59 Set material texture: data/PBR_Textures/Metal028_1K-JPG ['Metal028_1K-JPG_NormalGL.jpg', 'Metal028_1K-JPG_Color.jpg', 'Metal028_1K-JPG.usdc', 'Metal028_1K-JPG_Roughness.jpg', 'Metal028.png', 'Metal028_1K-JPG_Displacement.jpg', 'Metal028_1K-JPG.blend', 'Metal028_1K-JPG_NormalDX.jpg', 'Metal028_1K-JPG.mtlx', 'Metal028_1K-JPG.tres', 'Metal028_1K-JPG_Metalness.jpg']
2026-01-18 14:48:59 Set object texture for: collection_1_cube_distractor
2026-01-18 14:48:59 Final texture type: 3 (random texture=0, color texture=1, image texture=2, procedural texture=3, material texture=4, none=5)
2026-01-18 14:48:59 Set BSDF Metallic: 0.0
2026-01-18 14:48:59 Set BSDF Specular: 0.2955681651875858
2026-01-18 14:48:59 Set BSDF Roughness: 0.712433694022548
2026-01-18 14:48:59 Set material texture: data/PBR_Textures/Metal028_1K-JPG ['Metal028_1K-JPG_NormalGL.jpg', 'Metal028_1K-JPG_Color.jpg', 'Metal028_1K-JPG.usdc', 'Metal028_1K-JPG_Roughness.jpg', 'Metal028.png', 'Metal028_1K-JPG_Displacement.jpg', 'Metal028_1K-JPG.blend', 'Metal028_1K-JPG_NormalDX.jpg', 'Metal028_1K-JPG.mtlx', 'Metal028_1K-JPG.tres', 'Metal028_1K-JPG_Metalness.jpg']
2026-01-18 14:48:59 Set object texture for: collection_2_cube_distractor
2026-01-18 14:48:59 Final texture type: 3 (random texture=0, color texture=1, image texture=2, procedural texture=3, material texture=4, none=5)
2026-01-18 14:48:59 Set BSDF Metallic: 0.0
2026-01-18 14:48:59 Set BSDF Specular: 0.5034612860817536
2026-01-18 14:48:59 Set BSDF Roughness: 0.6463631370041012
2026-01-18 14:48:59 Set material texture: data/PBR_Textures/Metal028_1K-JPG ['Metal028_1K-JPG_NormalGL.jpg', 'Metal028_1K-JPG_Color.jpg', 'Metal028_1K-JPG.usdc', 'Metal028_1K-JPG_Roughness.jpg', 'Metal028.png', 'Metal028_1K-JPG_Displacement.jpg', 'Metal028_1K-JPG.blend', 'Metal028_1K-JPG_NormalDX.jpg', 'Metal028_1K-JPG.mtlx', 'Metal028_1K-JPG.tres', 'Metal028_1K-JPG_Metalness.jpg']
2026-01-18 14:48:59 Set object texture for: collection_8_uvsphere_distractor
2026-01-18 14:48:59 Final texture type: 3 (random texture=0, color texture=1, image texture=2, procedural texture=3, material texture=4, none=5)
2026-01-18 14:48:59 Set BSDF Metallic: 0.0
2026-01-18 14:48:59 Set BSDF Specular: 0.40051760086565835
2026-01-18 14:48:59 Set BSDF Roughness: 0.5150013422206974
2026-01-18 14:48:59 Set material texture: data/PBR_Textures/Metal028_1K-JPG ['Metal028_1K-JPG_NormalGL.jpg', 'Metal028_1K-JPG_Color.jpg', 'Metal028_1K-JPG.usdc', 'Metal028_1K-JPG_Roughness.jpg', 'Metal028.png', 'Metal028_1K-JPG_Displacement.jpg', 'Metal028_1K-JPG.blend', 'Metal028_1K-JPG_NormalDX.jpg', 'Metal028_1K-JPG.mtlx', 'Metal028_1K-JPG.tres', 'Metal028_1K-JPG_Metalness.jpg']
2026-01-18 14:48:59 Get ground_plane_diagonal=0.4242640687119285, ground_plane_diagonal_scale=0.5
2026-01-18 14:48:59 Set camera: r=0.5892556509887895 phi=54.5894262942829 theta=232.29478993235034 zoom_scale=0.5
2026-01-18 14:48:59 Set camera focal length =44.201564983118445
2026-01-18 14:48:59 Set num of lights: 2
2026-01-18 14:48:59 Set lights #0: location: <Vector (0.0069, -0.1737, 1.2964)> energy: 28.07915496826172 color: <Color (r=0.8893, g=0.7027, b=0.2879)>
2026-01-18 14:48:59 Set lights #1: location: <Vector (0.5639, -0.1327, 1.2964)> energy: 64.22518920898438 color: <Color (r=0.1973, g=0.1290, b=0.0641)>
2026-01-18 14:49:19 Rendered image to path: /Users/alanmorillo/waldo/SynMfg_Code/Render_Output/images filename: 17
2026-01-18 14:49:19 Time passed: 20.294624090194702
