2026-01-18 14:49:19 Set object texture for: collection_7_cone_distractor
2026-01-18 14:49:19 Final texture type: 3 (random texture=0, color texture=1, image texture=2, procedural texture=3, material texture=4, none=5)
2026-01-18 14:49:19 Set BSDF Metallic: 0.0
2026-01-18 14:49:19 Set BSDF Specular: 0.7330449440899531
2026-01-18 14:49:19 Set BSDF Roughness: 0.6113034426019762
2026-01-18 14:49:19 Set material texture: data/PBR_Textures/Metal027_1K-JPG ['Metal027_1K-JPG.usdc', 'Metal027_1K-JPG.blend', 'Metal027_1K-JPG_NormalGL.jpg', 'Metal027_1K-JPG_Roughness.jpg', 'Metal027.png', 'Metal027_1K-JPG_Color.jpg', 'Metal027_1K-JPG.mtlx', 'Metal027_1K-JPG_Displacement.jpg', 'Metal027_1K-JPG_NormalDX.jpg', 'Metal027_1K-JPG.tres', 'Metal027_1K-JPG_Metalness.jpg']
2026-01-18 14:49:19 Set object texture for: collection_1_icosphere_distractor
2026-01-18 14:49:19 Final texture type: 3 (random texture=0, color texture=1, image texture=2, procedural texture=3, material texture=4, none=5)
2026-01-18 14:49:19 Set BSDF Metallic: 0.0
2026-01-18 14:49:19 Set BSDF Specular: 0.3210391511136861
2026-01-18 14:49:19 Set BSDF Roughness: 0.3341348656531613
2026-01-18 14:49:19 Set material texture: data/PBR_Textures/Metal028_1K-JPG ['Metal028_1K-JPG_NormalGL.jpg', 'Metal028_1K-JPG_Color.jpg', 'Metal028_1K-JPG.usdc', 'Metal028_1K-JPG_Roughness.jpg', 'Metal028.png', 'Metal028_1K-JPG_Displacement.jpg', 'Metal028_1K-JPG.blend', 'Metal028_1K-JPG_NormalDX.jpg', 'Metal028_1K-JPG.mtlx', 'Metal028_1K-JPG.tres', 'Metal028_1K-JPG_Metalness.jpg']
2026-01-18 14:49:19 Set object texture for: collection_9_cube_distractor
2026-01-18 14:49:19 Final texture type: 3 (random texture=0, color texture=1, image texture=2, procedural texture=3, material texture=4, none=5)
2026-01-18 14:49:19 Set BSDF Metallic: 0.0
2026-01-18 14:49:19 Set BSDF Specular: 0.6418519818266124
2026-01-18 14:49:19 Set BSDF Roughness: 0.2649461260237662
2026-01-18 14:49:19 Set material texture: data/PBR_Textures/Metal028_1K-JPG ['Metal028_1K-JPG_NormalGL.jpg', 'Metal028_1K-JPG_Color.jpg', 'Metal028_1K-JPG.usdc', 'Metal028_1K-JPG_Roughness.jpg', 'Metal028.png', 'Metal028_1K-JPG_Displacement.jpg', 'Metal028_1K-JPG.blend', 'Metal028_1K-JPG_NormalDX.jpg', 'Metal028_1K-JPG.mtlx', 'Metal028_1K-JPG.tres', 'Metal028_1K-JPG_Metalness.jpg']
2026-01-18 14:49:19 Set object texture for: collection_4_cone_distractor
2026-01-18 14:49:19 Final texture type: 3 (random texture=0, color texture=1, image texture=2, procedural texture=3, material texture=4, none=5)
2026-01-18 14:49:19 Set BSDF Metallic: 0.0
2026-01-18 14:49:19 Set BSDF Specular: 0.7620336415247497
2026-01-18 14:49:19 Set BSDF Roughness: 0.544735381803416
2026-01-18 14:49:19 Set material texture: data/PBR_Textures/Metal027_1K-JPG ['Metal027_1K-JPG.usdc', 'Metal027_1K-JPG.blend', 'Metal027_1K-JPG_NormalGL.jpg', 'Metal027_1K-JPG_Roughness.jpg', 'Metal027.png', 'Metal027_1K-JPG_Color.jpg', 'Metal027_1K-JPG.mtlx', 'Metal027_1K-JPG_Displacement.jpg', 'Metal027_1K-JPG_NormalDX.jpg', 'Metal027_1K-JPG.tres', 'Metal027_1K-JPG_Metalness.jpg']
2026-01-18 14:49:19 Set object texture for: collection_5_icosphere_distractor
2026-01-18 14:49:19 Final texture type: 3 (random texture=0, color texture=1, image texture=2, procedural texture=3, material texture=4, none=5)
2026-01-18 14:49:19 Set BSDF Metallic: 0.0
2026-01-18 14:49:19 Set BSDF Specular: 0.39746307467462527
2026-01-18 14:49:19 Set BSDF Roughness: 0.7117397799221252
2026-01-18 14:49:19 Set material texture: data/PBR_Textures/Metal027_1K-JPG ['Metal027_1K-JPG.usdc', 'Metal027_1K-JPG.blend', 'Metal027_1K-JPG_NormalGL.jpg', 'Metal027_1K-JPG_Roughness.jpg', 'Metal027.png', 'Metal027_1K-JPG_Color.jpg', 'Metal027_1K-JPG.mtlx', 'Metal027_1K-JPG_Displacement.jpg', 'Metal027_1K-JPG_NormalDX.jpg', 'Metal027_1K-JPG.tres', 'Metal027_1K-JPG_Metalness.jpg']
2026-01-18 14:49:19 Set object texture for: collection_8_icosphere_distractor
2026-01-18 14:49:19 Final texture type: 3 (random texture=0, color texture=1, image texture=2, procedural texture=3, material texture=4, none=5)
2026-01-18 14:49:19 Set BSDF Metallic: 0.0
2026-01-18 14:49:19 Set BSDF Specular: 0.596229970444861
2026-01-18 14:49:19 Set BSDF Roughness: 0.5110277356867272
2026-01-18 14:49:19 Set material texture: data/PBR_Textures/Metal027_1K-JPG ['Metal027_1K-JPG.usdc', 'Metal027_1K-JPG.blend', 'Metal027_1K-JPG_NormalGL.jpg', 'Metal027_1K-JPG_Roughness.jpg', 'Metal027.png', 'Metal027_1K-JPG_Color.jpg', 'Metal027_1K-JPG.mtlx', 'Metal027_1K-JPG_Displacement.jpg', 'Metal027_1K-JPG_NormalDX.jpg', 'Metal027_1K-JPG.tres', 'Metal027_1K-JPG_Metalness.jpg']
2026-01-18 14:49:19 Set object texture for: collection_6_monkey_distractor
2026-01-18 14:49:19 Final texture type: 3 (random texture=0, color texture=1, image texture=2, procedural texture=3, material texture=4, none=5)
2026-01-18 14:49:19 Set BSDF Metallic: 0.0
2026-01-18 14:49:19 Set BSDF Specular: 0.21510662100704536
2026-01-18 14:49:19 Set BSDF Roughness: 0.7853485192086369
2026-01-18 14:49:19 Set material texture: data/PBR_Textures/Metal028_1K-JPG ['Metal028_1K-JPG_NormalGL.jpg', 'Metal028_1K-JPG_Color.jpg', 'Metal028_1K-JPG.usdc', 'Metal028_1K-JPG_Roughness.jpg', 'Metal028.png', 'Metal028_1K-JPG_Displacement.jpg', 'Metal028_1K-JPG.blend', 'Metal028_1K-JPG_NormalDX.jpg', 'Metal028_1K-JPG.mtlx', 'Metal028_1K-JPG.tres', 'Metal028_1K-JPG_Metalness.jpg']
2026-01-18 14:49:19 Set object texture for: collection_3_cone_distractor
2026-01-18 14:49:19 Final texture type: 3 (random texture=0, color texture=1, image texture=2, procedural texture=3, material texture=4, none=5)
2026-01-18 14:49:19 Set BSDF Metallic: 0.0
2026-01-18 14:49:19 Set BSDF Specular: 0.41831606744622096
2026-01-18 14:49:19 Set BSDF Roughness: 0.537747651217241
2026-01-18 14:49:19 Set material texture: data/PBR_Textures/Metal028_1K-JPG ['Metal028_1K-JPG_NormalGL.jpg', 'Metal028_1K-JPG_Color.jpg', 'Metal028_1K-JPG.usdc', 'Metal028_1K-JPG_Roughness.jpg', 'Metal028.png', 'Metal028_1K-JPG_Displacement.jpg', 'Metal028_1K-JPG.blend', 'Metal028_1K-JPG_NormalDX.jpg', 'Metal028_1K-JPG.mtlx', 'Metal028_1K-JPG.tres', 'Metal028_1K-JPG_Metalness.jpg']
2026-01-18 14:49:19 Set object texture for: collection_2_uvsphere_distractor
2026-01-18 14:49:19 Final texture type: 3 (random texture=0, color texture=1, image texture=2, procedural texture=3, material texture=4, none=5)
2026-01-18 14:49:19 Set BSDF Metallic: 0.0
2026-01-18 14:49:19 Set BSDF Specular: 0.7198483534053763
2026-01-18 14:49:19 Set BSDF Roughness: 0.6177387642150592
2026-01-18 14:49:19 Set material texture: data/PBR_Textures/Metal027_1K-JPG ['Metal027_1K-JPG.usdc', 'Metal027_1K-JPG.blend', 'Metal027_1K-JPG_NormalGL.jpg', 'Metal027_1K-JPG_Roughness.jpg', 'Metal027.png', 'Metal027_1K-JPG_Color.jpg', 'Metal027_1K-JPG.mtlx', 'Metal027_1K-JPG_Displacement.jpg', 'Metal027_1K-JPG_NormalDX.jpg', 'Metal027_1K-JPG.tres', 'Metal027_1K-JPG_Metalness.jpg']
2026-01-18 14:49:19 Get ground_plane_diagonal=0.4242640687119285, ground_plane_diagonal_scale=0.5
2026-01-18 14:49:19 Set camera: r=0.5892556509887895 phi=57.439373483516334 theta=190.11076469036576 zoom_scale=0.5
2026-01-18 14:49:19 Set camera focal length =63.52592589416607
2026-01-18 14:49:19 Set num of lights: 2
2026-01-18 14:49:19 Set lights #0: location: <Vector (0.6718, -0.0939, 1.2964)> energy: 51.01302719116211 color: <Color (r=0.2953, g=0.7140, b=0.0278)>
2026-01-18 14:49:19 Set lights #1: location: <Vector (-0.4758, 0.3789, 1.2964)> energy: 55.698307037353516 color: <Color (r=0.1347, g=0.8283, b=0.1239)>
2026-01-18 14:49:40 Rendered image to path: /Users/alanmorillo/waldo/SynMfg_Code/Render_Output/images filename: 18
2026-01-18 14:49:40 Time passed: 20.5853271484375
