2026-01-18 14:49:40 Set object texture for: collection_5_cylinder_distractor
2026-01-18 14:49:40 Final texture type: 3 (random texture=0, color texture=1, image texture=2, procedural texture=3, material texture=4, none=5)
2026-01-18 14:49:40 Set BSDF Metallic: 0.0
2026-01-18 14:49:40 Set BSDF Specular: 0.5934071735695272
2026-01-18 14:49:40 Set BSDF Roughness: 0.26221855734009136
2026-01-18 14:49:40 Set material texture: data/PBR_Textures/Metal028_1K-JPG ['Metal028_1K-JPG_NormalGL.jpg', 'Metal028_1K-JPG_Color.jpg', 'Metal028_1K-JPG.usdc', 'Metal028_1K-JPG_Roughness.jpg', 'Metal028.png', 'Metal028_1K-JPG_Displacement.jpg', 'Metal028_1K-JPG.blend', 'Metal028_1K-JPG_NormalDX.jpg', 'Metal028_1K-JPG.mtlx', 'Metal028_1K-JPG.tres', 'Metal028_1K-JPG_Metalness.jpg']
2026-01-18 14:49:40 Set object texture for: collection_3_cube_distractor
2026-01-18 14:49:40 Final texture type: 3 (random texture=0, color texture=1, image texture=2, procedural texture=3, material texture=4, none=5)
2026-01-18 14:49:40 Set BSDF Metallic: 0.0
2026-01-18 14:49:40 Set BSDF Specular: 0.7960893404087075
2026-01-18 14:49:40 Set BSDF Roughness: 0.774234294302049
2026-01-18 14:49:40 Set material texture: data/PBR_Textures/Metal027_1K-JPG ['Metal027_1K-JPG.usdc', 'Metal027_1K-JPG.blend', 'Metal027_1K-JPG_NormalGL.jpg', 'Metal027_1K-JPG_Roughness.jpg', 'Metal027.png', 'Metal027_1K-JPG_Color.jpg', 'Metal027_1K-JPG.mtlx', 'Metal027_1K-JPG_Displacement.jpg', 'Metal027_1K-JPG_NormalDX.jpg', 'Metal027_1K-JPG.tres', 'Metal027_1K-JPG_Metalness.jpg']
2026-01-18 14:49:40 Set object texture for: collection_1_monkey_distractor
2026-01-18 14:49:40 Final texture type: 3 (random texture=0, color texture=1, image texture=2, procedural texture=3, material texture=4, none=5)
2026-01-18 14:49:40 Set BSDF Metallic: 0.0
2026-01-18 14:49:40 Set BSDF Specular: 0.616232996752414
2026-01-18 14:49:40 Set BSDF Roughness: 0.5142932282826809
2026-01-18 14:49:40 Set material texture: data/PBR_Textures/Metal028_1K-JPG ['Metal028_1K-JPG_NormalGL.jpg', 'Metal028_1K-JPG_Color.jpg', 'Metal028_1K-JPG.usdc', 'Metal028_1K-JPG_Roughness.jpg', 'Metal028.png', 'Metal028_1K-JPG_Displacement.jpg', 'Metal028_1K-JPG.blend', 'Metal028_1K-JPG_NormalDX.jpg', 'Metal028_1K-JPG.mtlx', 'Metal028_1K-JPG.tres', 'Metal028_1K-JPG_Metalness.jpg']
2026-01-18 14:49:40 Set object texture for: collection_6_cube_distractor
2026-01-18 14:49:40 Final texture type: 3 (random texture=0, color texture=1, image texture=2, procedural texture=3, material texture=4, none=5)
2026-01-18 14:49:40 Set BSDF Metallic: 0.0
2026-01-18 14:49:40 Set BSDF Specular: 0.4538396777747502
2026-01-18 14:49:40 Set BSDF Roughness: 0.7220994025792966
2026-01-18 14:49:40 Set material texture: data/PBR_Textures/Metal027_1K-JPG ['Metal027_1K-JPG.usdc', 'Metal027_1K-JPG.blend', 'Metal027_1K-JPG_NormalGL.jpg', 'Metal027_1K-JPG_Roughness.jpg', 'Metal027.png', 'Metal027_1K-JPG_Color.jpg', 'Metal027_1K-JPG.mtlx', 'Metal027_1K-JPG_Displacement.jpg', 'Metal027_1K-JPG_NormalDX.jpg', 'Metal027_1K-JPG.tres', 'Metal027_1K-JPG_Metalness.jpg']
2026-01-18 14:49:40 Set object texture for: collection_7_cylinder_distractor
2026-01-18 14:49:40 Final texture type: 3 (random texture=0, color texture=1, image texture=2, procedural texture=3, material texture=4, none=5)
2026-01-18 14:49:40 Set BSDF Metallic: 0.0
2026-01-18 14:49:40 Set BSDF Specular: 0.5409995640496057
2026-01-18 14:49:40 Set BSDF Roughness: 0.790067682701709
2026-01-18 14:49:40 Set material texture: data/PBR_Textures/Metal027_1K-JPG ['Metal027_1K-JPG.usdc', 'Metal027_1K-JPG.blend', 'Metal027_1K-JPG_NormalGL.jpg', 'Metal027_1K-JPG_Roughness.jpg', 'Metal027.png', 'Metal027_1K-JPG_Color.jpg', 'Metal027_1K-JPG.mtlx', 'Metal027_1K-JPG_Displacement.jpg', 'Metal027_1K-JPG_NormalDX.jpg', 'Metal027_1K-JPG.tres', 'Metal027_1K-JPG_Metalness.jpg']
2026-01-18 14:49:40 Set object texture for: collection_2_uvsphere_distractor
2026-01-18 14:49:40 Final texture type: 3 (random texture=0, color texture=1, image texture=2, procedural texture=3, material texture=4, none=5)
2026-01-18 14:49:40 Set BSDF Metallic: 0.0
2026-01-18 14:49:40 Set BSDF Specular: 0.5680729010385192
2026-01-18 14:49:40 Set BSDF Roughness: 0.644669857002528
2026-01-18 14:49:40 Set material texture: data/PBR_Textures/Metal027_1K-JPG ['Metal027_1K-JPG.usdc', 'Metal027_1K-JPG.blend', 'Metal027_1K-JPG_NormalGL.jpg', 'Metal027_1K-JPG_Roughness.jpg', 'Metal027.png', 'Metal027_1K-JPG_Color.jpg', 'Metal027_1K-JPG.mtlx', 'Metal027_1K-JPG_Displacement.jpg', 'Metal027_1K-JPG_NormalDX.jpg', 'Metal027_1K-JPG.tres', 'Metal027_1K-JPG_Metalness.jpg']
2026-01-18 14:49:40 Set object texture for: collection_4_cone_distractor
2026-01-18 14:49:40 Final texture type: 3 (random texture=0, color texture=1, image texture=2, procedural texture=3, material texture=4, none=5)
2026-01-18 14:49:40 Set BSDF Metallic: 0.0
2026-01-18 14:49:40 Set BSDF Specular: 0.5099654576096988
2026-01-18 14:49:40 Set BSDF Roughness: 0.47780158622591423
2026-01-18 14:49:40 Set material texture: data/PBR_Textures/Metal028_1K-JPG ['Metal028_1K-JPG_NormalGL.jpg', 'Metal028_1K-JPG_Color.jpg', 'Metal028_1K-JPG.usdc', 'Metal028_1K-JPG_Roughness.jpg', 'Metal028.png', 'Metal028_1K-JPG_Displacement.jpg', 'Metal028_1K-JPG.blend', 'Metal028_1K-JPG_NormalDX.jpg', 'Metal028_1K-JPG.mtlx', 'Metal028_1K-JPG.tres', 'Metal028_1K-JPG_Metalness.jpg']
2026-01-18 14:49:40 Get ground_plane_diagonal=0.4242640687119285, ground_plane_diagonal_scale=0.5
2026-01-18 14:49:40 Set camera: r=0.5892556509887895 phi=20.504840384242677 theta=334.52489211026153 zoom_scale=0.5
2026-01-18 14:49:40 Set camera focal length =47.522494612618246
2026-01-18 14:49:40 Set num of lights: 2
2026-01-18 14:49:40 Set lights #0: location: <Vector (0.4435, -0.3490, 1.2964)> energy: 124.5317153930664 color: <Color (r=0.1959, g=0.6214, b=0.4014)>
2026-01-18 14:49:40 Set lights #1: location: <Vector (-0.2045, 0.4100, 1.2964)> energy: 27.904964447021484 color: <Color (r=0.5730, g=0.0128, b=0.4812)>
2026-01-18 14:49:59 Rendered image to path: /Users/alanmorillo/waldo/SynMfg_Code/Render_Output/images filename: 19
2026-01-18 14:49:59 Time passed: 19.07775378227234
