2026-01-18 14:46:59 Set object texture for: collection_4_monkey_distractor
2026-01-18 14:46:59 Final texture type: 3 (random texture=0, color texture=1, image texture=2, procedural texture=3, material texture=4, none=5)
2026-01-18 14:46:59 Set BSDF Metallic: 0.0
2026-01-18 14:46:59 Set BSDF Specular: 0.6553881127770129
2026-01-18 14:46:59 Set BSDF Roughness: 0.6604073974319702
2026-01-18 14:46:59 Set material texture: data/PBR_Textures/Metal028_1K-JPG ['Metal028_1K-JPG_NormalGL.jpg', 'Metal028_1K-JPG_Color.jpg', 'Metal028_1K-JPG.usdc', 'Metal028_1K-JPG_Roughness.jpg', 'Metal028.png', 'Metal028_1K-JPG_Displacement.jpg', 'Metal028_1K-JPG.blend', 'Metal028_1K-JPG_NormalDX.jpg', 'Metal028_1K-JPG.mtlx', 'Metal028_1K-JPG.tres', 'Metal028_1K-JPG_Metalness.jpg']
2026-01-18 14:46:59 Set object texture for: collection_2_icosphere_distractor
2026-01-18 14:46:59 Final texture type: 3 (random texture=0, color texture=1, image texture=2, procedural texture=3, material texture=4, none=5)
2026-01-18 14:46:59 Set BSDF Metallic: 0.0
2026-01-18 14:46:59 Set BSDF Specular: 0.3086614186268844
2026-01-18 14:46:59 Set BSDF Roughness: 0.5353164230572625
2026-01-18 14:46:59 Set material texture: data/PBR_Textures/Metal027_1K-JPG ['Metal027_1K-JPG.usdc', 'Metal027_1K-JPG.blend', 'Metal027_1K-JPG_NormalGL.jpg', 'Metal027_1K-JPG_Roughness.jpg', 'Metal027.png', 'Metal027_1K-JPG_Color.jpg', 'Metal027_1K-JPG.mtlx', 'Metal027_1K-JPG_Displacement.jpg', 'Metal027_1K-JPG_NormalDX.jpg', 'Metal027_1K-JPG.tres', 'Metal027_1K-JPG_Metalness.jpg']
2026-01-18 14:46:59 Set object texture for: collection_5_icosphere_distractor
2026-01-18 14:46:59 Final texture type: 3 (random texture=0, color texture=1, image texture=2, procedural texture=3, material texture=4, none=5)
2026-01-18 14:46:59 Set BSDF Metallic: 0.0
2026-01-18 14:46:59 Set BSDF Specular: 0.7241253197053827
2026-01-18 14:46:59 Set BSDF Roughness: 0.4997403006735938
2026-01-18 14:46:59 Set material texture: data/PBR_Textures/Metal027_1K-JPG ['Metal027_1K-JPG.usdc', 'Metal027_1K-JPG.blend', 'Metal027_1K-JPG_NormalGL.jpg', 'Metal027_1K-JPG_Roughness.jpg', 'Metal027.png', 'Metal027_1K-JPG_Color.jpg', 'Metal027_1K-JPG.mtlx', 'Metal027_1K-JPG_Displacement.jpg', 'Metal027_1K-JPG_NormalDX.jpg', 'Metal027_1K-JPG.tres', 'Metal027_1K-JPG_Metalness.jpg']
2026-01-18 14:46:59 Set object texture for: collection_6_cylinder_distractor
2026-01-18 14:46:59 Final texture type: 3 (random texture=0, color texture=1, image texture=2, procedural texture=3, material texture=4, none=5)
2026-01-18 14:46:59 Set BSDF Metallic: 0.0
2026-01-18 14:46:59 Set BSDF Specular: 0.3094220674112369
2026-01-18 14:46:59 Set BSDF Roughness: 0.4605229057306934
2026-01-18 14:46:59 Set material texture: data/PBR_Textures/Metal027_1K-JPG ['Metal027_1K-JPG.usdc', 'Metal027_1K-JPG.blend', 'Metal027_1K-JPG_NormalGL.jpg', 'Metal027_1K-JPG_Roughness.jpg', 'Metal027.png', 'Metal027_1K-JPG_Color.jpg', 'Metal027_1K-JPG.mtlx', 'Metal027_1K-JPG_Displacement.jpg', 'Metal027_1K-JPG_NormalDX.jpg', 'Metal027_1K-JPG.tres', 'Metal027_1K-JPG_Metalness.jpg']
2026-01-18 14:46:59 Set object texture for: collection_1_cone_distractor
2026-01-18 14:46:59 Final texture type: 3 (random texture=0, color texture=1, image texture=2, procedural texture=3, material texture=4, none=5)
2026-01-18 14:46:59 Set BSDF Metallic: 0.0
2026-01-18 14:46:59 Set BSDF Specular: 0.25398069928494243
2026-01-18 14:46:59 Set BSDF Roughness: 0.5824057245064851
2026-01-18 14:46:59 Set material texture: data/PBR_Textures/Metal027_1K-JPG ['Metal027_1K-JPG.usdc', 'Metal027_1K-JPG.blend', 'Metal027_1K-JPG_NormalGL.jpg', 'Metal027_1K-JPG_Roughness.jpg', 'Metal027.png', 'Metal027_1K-JPG_Color.jpg', 'Metal027_1K-JPG.mtlx', 'Metal027_1K-JPG_Displacement.jpg', 'Metal027_1K-JPG_NormalDX.jpg', 'Metal027_1K-JPG.tres', 'Metal027_1K-JPG_Metalness.jpg']
2026-01-18 14:46:59 Set object texture for: collection_3_cylinder_distractor
2026-01-18 14:46:59 Final texture type: 3 (random texture=0, color texture=1, image texture=2, procedural texture=3, material texture=4, none=5)
2026-01-18 14:46:59 Set BSDF Metallic: 0.0
2026-01-18 14:46:59 Set BSDF Specular: 0.2780540768052471
2026-01-18 14:46:59 Set BSDF Roughness: 0.2949206192466427
2026-01-18 14:46:59 Set material texture: data/PBR_Textures/Metal028_1K-JPG ['Metal028_1K-JPG_NormalGL.jpg', 'Metal028_1K-JPG_Color.jpg', 'Metal028_1K-JPG.usdc', 'Metal028_1K-JPG_Roughness.jpg', 'Metal028.png', 'Metal028_1K-JPG_Displacement.jpg', 'Metal028_1K-JPG.blend', 'Metal028_1K-JPG_NormalDX.jpg', 'Metal028_1K-JPG.mtlx', 'Metal028_1K-JPG.tres', 'Metal028_1K-JPG_Metalness.jpg']
2026-01-18 14:46:59 Get ground_plane_diagonal=0.4242640687119285, ground_plane_diagonal_scale=0.5
2026-01-18 14:46:59 Set camera: r=0.5892556509887895 phi=34.12412197647277 theta=255.77968174058884 zoom_scale=0.5
2026-01-18 14:46:59 Set camera focal length =61.79459156903719
2026-01-18 14:46:59 Set num of lights: 2
2026-01-18 14:46:59 Set lights #0: location: <Vector (0.2167, -0.3097, 1.2964)> energy: 149.02096557617188 color: <Color (r=0.3240, g=0.9296, b=0.9259)>
2026-01-18 14:46:59 Set lights #1: location: <Vector (-0.4240, 0.2458, 1.2964)> energy: 112.37393951416016 color: <Color (r=0.9410, g=0.2500, b=0.3131)>
2026-01-18 14:47:17 Rendered image to path: /Users/alanmorillo/waldo/SynMfg_Code/Render_Output/images filename: 1
2026-01-18 14:47:17 Time passed: 18.9072687625885
