2025-12-08 22:54:06 Use existing Collection: collection_cable_shoe.obj_object
2025-12-08 22:54:06 Set object name: object_cable_shoe.obj0
2025-12-08 22:54:06 Set object rotation x: 184.65117555259684, y: 309.9769469448582
2025-12-08 22:54:06 Set object name: object_cable_shoe.obj0_1_duplicate
2025-12-08 22:54:06 Set object rotation x: 37.70229247295832, y: 271.90281287641506
2025-12-08 22:54:06 Use existing Collection: collection_body.obj_object
2025-12-08 22:54:06 Set object name: object_body.obj0
2025-12-08 22:54:06 Set object rotation x: 23.449825118318493, y: 151.04514424525365
2025-12-08 22:54:06 Use existing Collection: collection_angle_bracket.obj_object
2025-12-08 22:54:06 Set object name: object_angle_bracket.obj0
2025-12-08 22:54:06 Set object rotation x: 199.07026220010405, y: 1.4358864900629655
2025-12-08 22:54:06 Use existing Collection: collection_L-bracket.obj_object
2025-12-08 22:54:06 Set object name: object_L-bracket.obj0
2025-12-08 22:54:06 Set object rotation x: 146.91136164737654, y: 212.49844157377885
2025-12-08 22:54:06 Use existing Collection: collection_pipe_clamp.obj_object
2025-12-08 22:54:06 Set object name: object_pipe_clamp.obj0
2025-12-08 22:54:06 Set object rotation x: 128.24542623021196, y: 231.44511174960766
2025-12-08 22:54:06 Set object name: object_angle_bracket.obj0_1_duplicate
2025-12-08 22:54:06 Set object rotation x: 300.13409486498284, y: 295.77790176119606
2025-12-08 22:54:06 Set object name: object_L-bracket.obj0_1_duplicate
2025-12-08 22:54:06 Set object rotation x: 239.7014430834595, y: 138.0209550997576
2025-12-08 22:54:06 Set object texture for: collection_2_monkey_distractor
2025-12-08 22:54:06 Final texture type: 2 (random texture=0, color texture=1, image texture=2, procedural texture=3, material texture=4, none=5)
2025-12-08 22:54:06 Set BSDF property: Metallic=0.2725133500392326 Specular=0.7038414072691328 Roughness=0.7594754477786145
2025-12-08 22:54:06 Set image texture: data/Texture_Images/2934000107_d2ff15c814.jpg
2025-12-08 22:54:06 Set object texture for: collection_pipe_clamp.obj_object
2025-12-08 22:54:06 Final texture type: 2 (random texture=0, color texture=1, image texture=2, procedural texture=3, material texture=4, none=5)
2025-12-08 22:54:06 Set BSDF property: Metallic=0.7547070858362277 Specular=0.5700398179804151 Roughness=0.2774597666385203
2025-12-08 22:54:06 Set image texture: data/Texture_Images/300765528_8c8f709dda.jpg
2025-12-08 22:54:06 Set object texture for: collection_body.obj_object
2025-12-08 22:54:06 Final texture type: 3 (random texture=0, color texture=1, image texture=2, procedural texture=3, material texture=4, none=5)
2025-12-08 22:54:06 Set BSDF Metallic: 0.0
2025-12-08 22:54:06 Set BSDF Specular: 0.7334051814132241
2025-12-08 22:54:06 Set BSDF Roughness: 0.3528035575419147
2025-12-08 22:54:06 Set material texture: data/PBR_Textures/Metal046B ['Metal046B_2K-JPG.tres', 'Metal046B_2K-JPG_Color.jpg', 'Metal046B_2K-JPG.mtlx', 'Metal046B_2K-JPG_Metalness.jpg', 'Metal046B_2K-JPG_NormalDX.jpg', 'Metal046B_2K-JPG.blend', 'Metal046B_2K-JPG.usdc', 'Metal046B_2K-JPG_NormalGL.jpg', 'Metal046B_2K-JPG_Displacement.jpg', 'Metal046B_2K-JPG_Roughness.jpg', 'Metal046B.png']
2025-12-08 22:54:06 Set object texture for: collection_cable_shoe.obj_object_1_duplicate
2025-12-08 22:54:06 Final texture type: 2 (random texture=0, color texture=1, image texture=2, procedural texture=3, material texture=4, none=5)
2025-12-08 22:54:06 Set BSDF property: Metallic=0.42478378841003805 Specular=0.48319220511206934 Roughness=0.5378990809888764
2025-12-08 22:54:06 Set image texture: data/Texture_Images/166507476_9be5b9852a.jpg
2025-12-08 22:54:06 Set object texture for: collection_L-bracket.obj_object
2025-12-08 22:54:06 Final texture type: 2 (random texture=0, color texture=1, image texture=2, procedural texture=3, material texture=4, none=5)
2025-12-08 22:54:06 Set BSDF property: Metallic=0.30657706997939854 Specular=0.3946932280541159 Roughness=0.5954440414760136
2025-12-08 22:54:06 Set image texture: data/Texture_Images/2561341745_2d77d3ff7d.jpg
2025-12-08 22:54:06 Set object texture for: collection_L-bracket.obj_object_1_duplicate
2025-12-08 22:54:06 Final texture type: 1 (random texture=0, color texture=1, image texture=2, procedural texture=3, material texture=4, none=5)
2025-12-08 22:54:06 Set BSDF property: Metallic=0.6796105271636825 Specular=0.7741239762839147 Roughness=0.5763466659266732
2025-12-08 22:54:06 Set color texture: (0.8190467552498527, 0.6376133511051263, 0.25192870306522386, 1.0)
2025-12-08 22:54:06 Set object texture for: collection_angle_bracket.obj_object
2025-12-08 22:54:06 Final texture type: 3 (random texture=0, color texture=1, image texture=2, procedural texture=3, material texture=4, none=5)
2025-12-08 22:54:06 Set BSDF Metallic: 0.0
2025-12-08 22:54:06 Set BSDF Specular: 0.7241113931019918
2025-12-08 22:54:06 Set BSDF Roughness: 0.7942354075342581
2025-12-08 22:54:06 Set material texture: data/PBR_Textures/Metal049A ['Metal049A.png', 'Metal049A_2K-JPG_Metalness.jpg', 'Metal049A_2K-JPG_Color.jpg', 'Metal049A_2K-JPG_Displacement.jpg', 'Metal049A_2K-JPG.usdc', 'Metal049A_2K-JPG_NormalDX.jpg', 'Metal049A_2K-JPG_NormalGL.jpg', 'Metal049A_2K-JPG_Roughness.jpg', 'Metal049A_2K-JPG.blend', 'Metal049A_2K-JPG.mtlx', 'Metal049A_2K-JPG.tres']
2025-12-08 22:54:06 Set object texture for: collection_angle_bracket.obj_object_1_duplicate
2025-12-08 22:54:06 Final texture type: 1 (random texture=0, color texture=1, image texture=2, procedural texture=3, material texture=4, none=5)
2025-12-08 22:54:06 Set BSDF property: Metallic=0.29421037720740656 Specular=0.29291068292362804 Roughness=0.22928852193618598
2025-12-08 22:54:06 Set color texture: (0.40590255701363465, 0.43132999814027917, 0.025635767267374265, 1.0)
2025-12-08 22:54:06 Set object texture for: collection_cable_shoe.obj_object
2025-12-08 22:54:06 Final texture type: 2 (random texture=0, color texture=1, image texture=2, procedural texture=3, material texture=4, none=5)
2025-12-08 22:54:06 Set BSDF property: Metallic=0.46298582240435165 Specular=0.39202493569172786 Roughness=0.6774764185744906
2025-12-08 22:54:06 Set image texture: data/Texture_Images/389643437_9a9830a3ba.jpg
2025-12-08 22:54:06 Set object texture for: collection_3_icosphere_distractor
2025-12-08 22:54:06 Final texture type: 1 (random texture=0, color texture=1, image texture=2, procedural texture=3, material texture=4, none=5)
2025-12-08 22:54:06 Set BSDF property: Metallic=0.4777234636391504 Specular=0.5507185670793924 Roughness=0.5273244272115463
2025-12-08 22:54:06 Set color texture: (0.5814248651393477, 0.2805932791009855, 0.13548838489142734, 1.0)
2025-12-08 22:54:06 Set object texture for: collection_1_icosphere_distractor
2025-12-08 22:54:06 Final texture type: 2 (random texture=0, color texture=1, image texture=2, procedural texture=3, material texture=4, none=5)
2025-12-08 22:54:06 Set BSDF property: Metallic=0.5555107914560485 Specular=0.7916321973528517 Roughness=0.7637630121068466
2025-12-08 22:54:06 Set image texture: data/Texture_Images/2561334141_0aacefa5e7.jpg
2025-12-08 22:54:06 Get ground_plane_diagonal=2.0925251099411732, ground_plane_diagonal_scale=0.5
2025-12-08 22:54:06 Set camera: r=2.906284874918296 phi=47.320826867177935 theta=156.38572654987314 zoom_scale=0.5
2025-12-08 22:54:06 Set camera focal length =53.452697068835306
2025-12-08 22:54:06 Set num of lights: 12
2025-12-08 22:54:06 Set lights #0: location: <Vector (-0.9864, 0.5898, 6.3938)> energy: 58.7955436706543 color: <Color (r=0.2727, g=0.4648, b=0.9797)>
2025-12-08 22:54:06 Set lights #1: location: <Vector (-1.7350, -1.0445, 6.3938)> energy: 45.121341705322266 color: <Color (r=0.7724, g=0.4218, b=0.6193)>
2025-12-08 22:54:06 Set lights #2: location: <Vector (-1.9250, 0.3726, 6.3938)> energy: 64.39595031738281 color: <Color (r=0.0550, g=0.1984, b=0.7562)>
2025-12-08 22:54:06 Set lights #3: location: <Vector (0.2918, 3.2829, 6.3938)> energy: 101.8470687866211 color: <Color (r=0.5986, g=0.9957, b=0.0270)>
2025-12-08 22:54:06 Set lights #4: location: <Vector (2.8605, 2.0049, 6.3938)> energy: 83.29507446289062 color: <Color (r=0.6554, g=0.9747, b=0.1627)>
2025-12-08 22:54:06 Set lights #5: location: <Vector (0.9557, 1.6995, 6.3938)> energy: 6.500101089477539 color: <Color (r=0.4482, g=0.3505, b=0.8100)>
2025-12-08 22:54:06 Set lights #6: location: <Vector (-1.7162, -0.7839, 6.3938)> energy: 56.1335334777832 color: <Color (r=0.4220, g=0.8125, b=0.5172)>
2025-12-08 22:54:06 Set lights #7: location: <Vector (3.6648, -1.2826, 6.3938)> energy: 105.5255126953125 color: <Color (r=0.2951, g=0.1404, b=0.4100)>
2025-12-08 22:54:06 Set lights #8: location: <Vector (2.3945, 1.5111, 6.3938)> energy: 66.27462768554688 color: <Color (r=0.2809, g=0.9992, b=0.3085)>
2025-12-08 22:54:06 Set lights #9: location: <Vector (1.0365, -2.2976, 6.3938)> energy: 96.0435791015625 color: <Color (r=0.5582, g=0.8493, b=0.7663)>
2025-12-08 22:54:06 Set lights #10: location: <Vector (0.4950, -2.1004, 6.3938)> energy: 119.18380737304688 color: <Color (r=0.7654, g=0.3601, b=0.4718)>
2025-12-08 22:54:06 Set lights #11: location: <Vector (3.2730, 1.3214, 6.3938)> energy: 132.0875701904297 color: <Color (r=0.3108, g=0.4160, b=0.8158)>
2025-12-08 22:54:33 Rendered image to path: /Users/alanmorillo/waldo/SynMfg_Code/Render_Output/images filename: 2
2025-12-08 22:54:33 Time passed: 27.088303804397583
