2026-01-18 14:47:38 Set object texture for: collection_4_monkey_distractor
2026-01-18 14:47:38 Final texture type: 3 (random texture=0, color texture=1, image texture=2, procedural texture=3, material texture=4, none=5)
2026-01-18 14:47:38 Set BSDF Metallic: 0.0
2026-01-18 14:47:38 Set BSDF Specular: 0.7376139725057962
2026-01-18 14:47:38 Set BSDF Roughness: 0.22288161307458398
2026-01-18 14:47:38 Set material texture: data/PBR_Textures/Metal028_1K-JPG ['Metal028_1K-JPG_NormalGL.jpg', 'Metal028_1K-JPG_Color.jpg', 'Metal028_1K-JPG.usdc', 'Metal028_1K-JPG_Roughness.jpg', 'Metal028.png', 'Metal028_1K-JPG_Displacement.jpg', 'Metal028_1K-JPG.blend', 'Metal028_1K-JPG_NormalDX.jpg', 'Metal028_1K-JPG.mtlx', 'Metal028_1K-JPG.tres', 'Metal028_1K-JPG_Metalness.jpg']
2026-01-18 14:47:38 Set object texture for: collection_2_cylinder_distractor
2026-01-18 14:47:38 Final texture type: 3 (random texture=0, color texture=1, image texture=2, procedural texture=3, material texture=4, none=5)
2026-01-18 14:47:38 Set BSDF Metallic: 0.0
2026-01-18 14:47:38 Set BSDF Specular: 0.5570227596176519
2026-01-18 14:47:38 Set BSDF Roughness: 0.3969469796534277
2026-01-18 14:47:38 Set material texture: data/PBR_Textures/Metal027_1K-JPG ['Metal027_1K-JPG.usdc', 'Metal027_1K-JPG.blend', 'Metal027_1K-JPG_NormalGL.jpg', 'Metal027_1K-JPG_Roughness.jpg', 'Metal027.png', 'Metal027_1K-JPG_Color.jpg', 'Metal027_1K-JPG.mtlx', 'Metal027_1K-JPG_Displacement.jpg', 'Metal027_1K-JPG_NormalDX.jpg', 'Metal027_1K-JPG.tres', 'Metal027_1K-JPG_Metalness.jpg']
2026-01-18 14:47:38 Set object texture for: collection_3_uvsphere_distractor
2026-01-18 14:47:38 Final texture type: 3 (random texture=0, color texture=1, image texture=2, procedural texture=3, material texture=4, none=5)
2026-01-18 14:47:38 Set BSDF Metallic: 0.0
2026-01-18 14:47:38 Set BSDF Specular: 0.7729819860969247
2026-01-18 14:47:38 Set BSDF Roughness: 0.4384481235578275
2026-01-18 14:47:38 Set material texture: data/PBR_Textures/Metal028_1K-JPG ['Metal028_1K-JPG_NormalGL.jpg', 'Metal028_1K-JPG_Color.jpg', 'Metal028_1K-JPG.usdc', 'Metal028_1K-JPG_Roughness.jpg', 'Metal028.png', 'Metal028_1K-JPG_Displacement.jpg', 'Metal028_1K-JPG.blend', 'Metal028_1K-JPG_NormalDX.jpg', 'Metal028_1K-JPG.mtlx', 'Metal028_1K-JPG.tres', 'Metal028_1K-JPG_Metalness.jpg']
2026-01-18 14:47:38 Set object texture for: collection_7_monkey_distractor
2026-01-18 14:47:38 Final texture type: 3 (random texture=0, color texture=1, image texture=2, procedural texture=3, material texture=4, none=5)
2026-01-18 14:47:38 Set BSDF Metallic: 0.0
2026-01-18 14:47:38 Set BSDF Specular: 0.5489637217794967
2026-01-18 14:47:38 Set BSDF Roughness: 0.5755105845018864
2026-01-18 14:47:38 Set material texture: data/PBR_Textures/Metal027_1K-JPG ['Metal027_1K-JPG.usdc', 'Metal027_1K-JPG.blend', 'Metal027_1K-JPG_NormalGL.jpg', 'Metal027_1K-JPG_Roughness.jpg', 'Metal027.png', 'Metal027_1K-JPG_Color.jpg', 'Metal027_1K-JPG.mtlx', 'Metal027_1K-JPG_Displacement.jpg', 'Metal027_1K-JPG_NormalDX.jpg', 'Metal027_1K-JPG.tres', 'Metal027_1K-JPG_Metalness.jpg']
2026-01-18 14:47:38 Set object texture for: collection_9_monkey_distractor
2026-01-18 14:47:38 Final texture type: 3 (random texture=0, color texture=1, image texture=2, procedural texture=3, material texture=4, none=5)
2026-01-18 14:47:38 Set BSDF Metallic: 0.0
2026-01-18 14:47:38 Set BSDF Specular: 0.362524576021529
2026-01-18 14:47:38 Set BSDF Roughness: 0.3893163879719803
2026-01-18 14:47:38 Set material texture: data/PBR_Textures/Metal027_1K-JPG ['Metal027_1K-JPG.usdc', 'Metal027_1K-JPG.blend', 'Metal027_1K-JPG_NormalGL.jpg', 'Metal027_1K-JPG_Roughness.jpg', 'Metal027.png', 'Metal027_1K-JPG_Color.jpg', 'Metal027_1K-JPG.mtlx', 'Metal027_1K-JPG_Displacement.jpg', 'Metal027_1K-JPG_NormalDX.jpg', 'Metal027_1K-JPG.tres', 'Metal027_1K-JPG_Metalness.jpg']
2026-01-18 14:47:38 Set object texture for: collection_5_cylinder_distractor
2026-01-18 14:47:38 Final texture type: 3 (random texture=0, color texture=1, image texture=2, procedural texture=3, material texture=4, none=5)
2026-01-18 14:47:38 Set BSDF Metallic: 0.0
2026-01-18 14:47:38 Set BSDF Specular: 0.3736431746674879
2026-01-18 14:47:38 Set BSDF Roughness: 0.698551259355216
2026-01-18 14:47:38 Set material texture: data/PBR_Textures/Metal028_1K-JPG ['Metal028_1K-JPG_NormalGL.jpg', 'Metal028_1K-JPG_Color.jpg', 'Metal028_1K-JPG.usdc', 'Metal028_1K-JPG_Roughness.jpg', 'Metal028.png', 'Metal028_1K-JPG_Displacement.jpg', 'Metal028_1K-JPG.blend', 'Metal028_1K-JPG_NormalDX.jpg', 'Metal028_1K-JPG.mtlx', 'Metal028_1K-JPG.tres', 'Metal028_1K-JPG_Metalness.jpg']
2026-01-18 14:47:38 Set object texture for: collection_1_cylinder_distractor
2026-01-18 14:47:38 Final texture type: 3 (random texture=0, color texture=1, image texture=2, procedural texture=3, material texture=4, none=5)
2026-01-18 14:47:38 Set BSDF Metallic: 0.0
2026-01-18 14:47:38 Set BSDF Specular: 0.4529574125807241
2026-01-18 14:47:38 Set BSDF Roughness: 0.45729272518732267
2026-01-18 14:47:38 Set material texture: data/PBR_Textures/Metal028_1K-JPG ['Metal028_1K-JPG_NormalGL.jpg', 'Metal028_1K-JPG_Color.jpg', 'Metal028_1K-JPG.usdc', 'Metal028_1K-JPG_Roughness.jpg', 'Metal028.png', 'Metal028_1K-JPG_Displacement.jpg', 'Metal028_1K-JPG.blend', 'Metal028_1K-JPG_NormalDX.jpg', 'Metal028_1K-JPG.mtlx', 'Metal028_1K-JPG.tres', 'Metal028_1K-JPG_Metalness.jpg']
2026-01-18 14:47:38 Set object texture for: collection_6_cone_distractor
2026-01-18 14:47:38 Final texture type: 3 (random texture=0, color texture=1, image texture=2, procedural texture=3, material texture=4, none=5)
2026-01-18 14:47:38 Set BSDF Metallic: 0.0
2026-01-18 14:47:38 Set BSDF Specular: 0.3941604910512164
2026-01-18 14:47:38 Set BSDF Roughness: 0.36528632284827234
2026-01-18 14:47:38 Set material texture: data/PBR_Textures/Metal027_1K-JPG ['Metal027_1K-JPG.usdc', 'Metal027_1K-JPG.blend', 'Metal027_1K-JPG_NormalGL.jpg', 'Metal027_1K-JPG_Roughness.jpg', 'Metal027.png', 'Metal027_1K-JPG_Color.jpg', 'Metal027_1K-JPG.mtlx', 'Metal027_1K-JPG_Displacement.jpg', 'Metal027_1K-JPG_NormalDX.jpg', 'Metal027_1K-JPG.tres', 'Metal027_1K-JPG_Metalness.jpg']
2026-01-18 14:47:38 Set object texture for: collection_8_uvsphere_distractor
2026-01-18 14:47:38 Final texture type: 3 (random texture=0, color texture=1, image texture=2, procedural texture=3, material texture=4, none=5)
2026-01-18 14:47:38 Set BSDF Metallic: 0.0
2026-01-18 14:47:38 Set BSDF Specular: 0.2533879050915543
2026-01-18 14:47:38 Set BSDF Roughness: 0.5402660803010692
2026-01-18 14:47:38 Set material texture: data/PBR_Textures/Metal028_1K-JPG ['Metal028_1K-JPG_NormalGL.jpg', 'Metal028_1K-JPG_Color.jpg', 'Metal028_1K-JPG.usdc', 'Metal028_1K-JPG_Roughness.jpg', 'Metal028.png', 'Metal028_1K-JPG_Displacement.jpg', 'Metal028_1K-JPG.blend', 'Metal028_1K-JPG_NormalDX.jpg', 'Metal028_1K-JPG.mtlx', 'Metal028_1K-JPG.tres', 'Metal028_1K-JPG_Metalness.jpg']
2026-01-18 14:47:38 Set object texture for: collection_10_uvsphere_distractor
2026-01-18 14:47:38 Final texture type: 3 (random texture=0, color texture=1, image texture=2, procedural texture=3, material texture=4, none=5)
2026-01-18 14:47:38 Set BSDF Metallic: 0.0
2026-01-18 14:47:38 Set BSDF Specular: 0.7724423107296352
2026-01-18 14:47:38 Set BSDF Roughness: 0.6094863257042954
2026-01-18 14:47:38 Set material texture: data/PBR_Textures/Metal028_1K-JPG ['Metal028_1K-JPG_NormalGL.jpg', 'Metal028_1K-JPG_Color.jpg', 'Metal028_1K-JPG.usdc', 'Metal028_1K-JPG_Roughness.jpg', 'Metal028.png', 'Metal028_1K-JPG_Displacement.jpg', 'Metal028_1K-JPG.blend', 'Metal028_1K-JPG_NormalDX.jpg', 'Metal028_1K-JPG.mtlx', 'Metal028_1K-JPG.tres', 'Metal028_1K-JPG_Metalness.jpg']
2026-01-18 14:47:38 Get ground_plane_diagonal=0.4242640687119285, ground_plane_diagonal_scale=0.5
2026-01-18 14:47:38 Set camera: r=0.5892556509887895 phi=20.37230308188266 theta=255.52471586507278 zoom_scale=0.5
2026-01-18 14:47:38 Set camera focal length =64.33218303618723
2026-01-18 14:47:38 Set num of lights: 2
2026-01-18 14:47:38 Set lights #0: location: <Vector (0.1096, 0.5079, 1.2964)> energy: 38.626041412353516 color: <Color (r=0.1403, g=0.9868, b=0.8976)>
2026-01-18 14:47:38 Set lights #1: location: <Vector (0.6477, 0.0028, 1.2964)> energy: 34.52937316894531 color: <Color (r=0.6915, g=0.3507, b=0.2948)>
2026-01-18 14:47:57 Rendered image to path: /Users/alanmorillo/waldo/SynMfg_Code/Render_Output/images filename: 3
2026-01-18 14:47:57 Time passed: 19.559516191482544
