2026-01-18 14:47:57 Set object texture for: collection_2_icosphere_distractor
2026-01-18 14:47:57 Final texture type: 3 (random texture=0, color texture=1, image texture=2, procedural texture=3, material texture=4, none=5)
2026-01-18 14:47:57 Set BSDF Metallic: 0.0
2026-01-18 14:47:57 Set BSDF Specular: 0.37039429732117435
2026-01-18 14:47:57 Set BSDF Roughness: 0.425549943305487
2026-01-18 14:47:57 Set material texture: data/PBR_Textures/Metal028_1K-JPG ['Metal028_1K-JPG_NormalGL.jpg', 'Metal028_1K-JPG_Color.jpg', 'Metal028_1K-JPG.usdc', 'Metal028_1K-JPG_Roughness.jpg', 'Metal028.png', 'Metal028_1K-JPG_Displacement.jpg', 'Metal028_1K-JPG.blend', 'Metal028_1K-JPG_NormalDX.jpg', 'Metal028_1K-JPG.mtlx', 'Metal028_1K-JPG.tres', 'Metal028_1K-JPG_Metalness.jpg']
2026-01-18 14:47:57 Set object texture for: collection_1_icosphere_distractor
2026-01-18 14:47:57 Final texture type: 3 (random texture=0, color texture=1, image texture=2, procedural texture=3, material texture=4, none=5)
2026-01-18 14:47:57 Set BSDF Metallic: 0.0
2026-01-18 14:47:57 Set BSDF Specular: 0.6923823732876679
2026-01-18 14:47:57 Set BSDF Roughness: 0.3877411461841351
2026-01-18 14:47:57 Set material texture: data/PBR_Textures/Metal027_1K-JPG ['Metal027_1K-JPG.usdc', 'Metal027_1K-JPG.blend', 'Metal027_1K-JPG_NormalGL.jpg', 'Metal027_1K-JPG_Roughness.jpg', 'Metal027.png', 'Metal027_1K-JPG_Color.jpg', 'Metal027_1K-JPG.mtlx', 'Metal027_1K-JPG_Displacement.jpg', 'Metal027_1K-JPG_NormalDX.jpg', 'Metal027_1K-JPG.tres', 'Metal027_1K-JPG_Metalness.jpg']
2026-01-18 14:47:57 Set object texture for: collection_3_cylinder_distractor
2026-01-18 14:47:57 Final texture type: 3 (random texture=0, color texture=1, image texture=2, procedural texture=3, material texture=4, none=5)
2026-01-18 14:47:57 Set BSDF Metallic: 0.0
2026-01-18 14:47:57 Set BSDF Specular: 0.21761852795788839
2026-01-18 14:47:57 Set BSDF Roughness: 0.7140910172772319
2026-01-18 14:47:57 Set material texture: data/PBR_Textures/Metal028_1K-JPG ['Metal028_1K-JPG_NormalGL.jpg', 'Metal028_1K-JPG_Color.jpg', 'Metal028_1K-JPG.usdc', 'Metal028_1K-JPG_Roughness.jpg', 'Metal028.png', 'Metal028_1K-JPG_Displacement.jpg', 'Metal028_1K-JPG.blend', 'Metal028_1K-JPG_NormalDX.jpg', 'Metal028_1K-JPG.mtlx', 'Metal028_1K-JPG.tres', 'Metal028_1K-JPG_Metalness.jpg']
2026-01-18 14:47:57 Get ground_plane_diagonal=0.4242640687119285, ground_plane_diagonal_scale=0.5
2026-01-18 14:47:57 Set camera: r=0.5892556509887895 phi=52.50497658741742 theta=161.26222049993302 zoom_scale=0.5
2026-01-18 14:47:57 Set camera focal length =40.30912122331729
2026-01-18 14:47:57 Set num of lights: 2
2026-01-18 14:47:57 Set lights #0: location: <Vector (0.3495, 0.5515, 1.2964)> energy: 116.50782775878906 color: <Color (r=0.8510, g=0.5116, b=0.8227)>
2026-01-18 14:47:57 Set lights #1: location: <Vector (-0.2526, 0.6346, 1.2964)> energy: 66.89318084716797 color: <Color (r=0.9115, g=0.7695, b=0.3724)>
2026-01-18 14:48:18 Rendered image to path: /Users/alanmorillo/waldo/SynMfg_Code/Render_Output/images filename: 4
2026-01-18 14:48:18 Time passed: 20.69324803352356
