2026-01-18 14:48:18 Use existing Collection: collection_ScrewThreaded.obj_object
2026-01-18 14:48:18 Set object name: object_ScrewThreaded.obj0
2026-01-18 14:48:18 Set object rotation x: 336.17162888676904, y: 85.48183660828758
2026-01-18 14:48:18 Set object texture for: collection_5_cube_distractor
2026-01-18 14:48:18 Final texture type: 3 (random texture=0, color texture=1, image texture=2, procedural texture=3, material texture=4, none=5)
2026-01-18 14:48:18 Set BSDF Metallic: 0.0
2026-01-18 14:48:18 Set BSDF Specular: 0.4112336000986357
2026-01-18 14:48:18 Set BSDF Roughness: 0.31448814875138326
2026-01-18 14:48:18 Set material texture: data/PBR_Textures/Metal028_1K-JPG ['Metal028_1K-JPG_NormalGL.jpg', 'Metal028_1K-JPG_Color.jpg', 'Metal028_1K-JPG.usdc', 'Metal028_1K-JPG_Roughness.jpg', 'Metal028.png', 'Metal028_1K-JPG_Displacement.jpg', 'Metal028_1K-JPG.blend', 'Metal028_1K-JPG_NormalDX.jpg', 'Metal028_1K-JPG.mtlx', 'Metal028_1K-JPG.tres', 'Metal028_1K-JPG_Metalness.jpg']
2026-01-18 14:48:18 Set object texture for: collection_6_uvsphere_distractor
2026-01-18 14:48:18 Final texture type: 3 (random texture=0, color texture=1, image texture=2, procedural texture=3, material texture=4, none=5)
2026-01-18 14:48:18 Set BSDF Metallic: 0.0
2026-01-18 14:48:18 Set BSDF Specular: 0.2087878845453479
2026-01-18 14:48:18 Set BSDF Roughness: 0.7233968206192694
2026-01-18 14:48:18 Set material texture: data/PBR_Textures/Metal027_1K-JPG ['Metal027_1K-JPG.usdc', 'Metal027_1K-JPG.blend', 'Metal027_1K-JPG_NormalGL.jpg', 'Metal027_1K-JPG_Roughness.jpg', 'Metal027.png', 'Metal027_1K-JPG_Color.jpg', 'Metal027_1K-JPG.mtlx', 'Metal027_1K-JPG_Displacement.jpg', 'Metal027_1K-JPG_NormalDX.jpg', 'Metal027_1K-JPG.tres', 'Metal027_1K-JPG_Metalness.jpg']
2026-01-18 14:48:18 Set object texture for: collection_3_icosphere_distractor
2026-01-18 14:48:18 Final texture type: 3 (random texture=0, color texture=1, image texture=2, procedural texture=3, material texture=4, none=5)
2026-01-18 14:48:18 Set BSDF Metallic: 0.0
2026-01-18 14:48:18 Set BSDF Specular: 0.4497903473715431
2026-01-18 14:48:18 Set BSDF Roughness: 0.6990889445584633
2026-01-18 14:48:18 Set material texture: data/PBR_Textures/Metal028_1K-JPG ['Metal028_1K-JPG_NormalGL.jpg', 'Metal028_1K-JPG_Color.jpg', 'Metal028_1K-JPG.usdc', 'Metal028_1K-JPG_Roughness.jpg', 'Metal028.png', 'Metal028_1K-JPG_Displacement.jpg', 'Metal028_1K-JPG.blend', 'Metal028_1K-JPG_NormalDX.jpg', 'Metal028_1K-JPG.mtlx', 'Metal028_1K-JPG.tres', 'Metal028_1K-JPG_Metalness.jpg']
2026-01-18 14:48:18 Set object texture for: collection_ScrewThreaded.obj_object
2026-01-18 14:48:18 Final texture type: 3 (random texture=0, color texture=1, image texture=2, procedural texture=3, material texture=4, none=5)
2026-01-18 14:48:18 Set BSDF Metallic: 0.0
2026-01-18 14:48:18 Set BSDF Specular: 0.5454682234609701
2026-01-18 14:48:18 Set BSDF Roughness: 0.4949013752041912
2026-01-18 14:48:18 Set material texture: data/PBR_Textures/Metal028_1K-JPG ['Metal028_1K-JPG_NormalGL.jpg', 'Metal028_1K-JPG_Color.jpg', 'Metal028_1K-JPG.usdc', 'Metal028_1K-JPG_Roughness.jpg', 'Metal028.png', 'Metal028_1K-JPG_Displacement.jpg', 'Metal028_1K-JPG.blend', 'Metal028_1K-JPG_NormalDX.jpg', 'Metal028_1K-JPG.mtlx', 'Metal028_1K-JPG.tres', 'Metal028_1K-JPG_Metalness.jpg']
2026-01-18 14:48:18 Set object texture for: collection_1_cylinder_distractor
2026-01-18 14:48:18 Final texture type: 3 (random texture=0, color texture=1, image texture=2, procedural texture=3, material texture=4, none=5)
2026-01-18 14:48:18 Set BSDF Metallic: 0.0
2026-01-18 14:48:18 Set BSDF Specular: 0.3876443599200462
2026-01-18 14:48:18 Set BSDF Roughness: 0.689373611550784
2026-01-18 14:48:18 Set material texture: data/PBR_Textures/Metal028_1K-JPG ['Metal028_1K-JPG_NormalGL.jpg', 'Metal028_1K-JPG_Color.jpg', 'Metal028_1K-JPG.usdc', 'Metal028_1K-JPG_Roughness.jpg', 'Metal028.png', 'Metal028_1K-JPG_Displacement.jpg', 'Metal028_1K-JPG.blend', 'Metal028_1K-JPG_NormalDX.jpg', 'Metal028_1K-JPG.mtlx', 'Metal028_1K-JPG.tres', 'Metal028_1K-JPG_Metalness.jpg']
2026-01-18 14:48:18 Set object texture for: collection_4_cylinder_distractor
2026-01-18 14:48:18 Final texture type: 3 (random texture=0, color texture=1, image texture=2, procedural texture=3, material texture=4, none=5)
2026-01-18 14:48:18 Set BSDF Metallic: 0.0
2026-01-18 14:48:18 Set BSDF Specular: 0.4355532032693527
2026-01-18 14:48:18 Set BSDF Roughness: 0.6993025143253881
2026-01-18 14:48:18 Set material texture: data/PBR_Textures/Metal027_1K-JPG ['Metal027_1K-JPG.usdc', 'Metal027_1K-JPG.blend', 'Metal027_1K-JPG_NormalGL.jpg', 'Metal027_1K-JPG_Roughness.jpg', 'Metal027.png', 'Metal027_1K-JPG_Color.jpg', 'Metal027_1K-JPG.mtlx', 'Metal027_1K-JPG_Displacement.jpg', 'Metal027_1K-JPG_NormalDX.jpg', 'Metal027_1K-JPG.tres', 'Metal027_1K-JPG_Metalness.jpg']
2026-01-18 14:48:18 Set object texture for: collection_2_cube_distractor
2026-01-18 14:48:18 Final texture type: 3 (random texture=0, color texture=1, image texture=2, procedural texture=3, material texture=4, none=5)
2026-01-18 14:48:18 Set BSDF Metallic: 0.0
2026-01-18 14:48:18 Set BSDF Specular: 0.2391779245039682
2026-01-18 14:48:18 Set BSDF Roughness: 0.7643608722224826
2026-01-18 14:48:18 Set material texture: data/PBR_Textures/Metal028_1K-JPG ['Metal028_1K-JPG_NormalGL.jpg', 'Metal028_1K-JPG_Color.jpg', 'Metal028_1K-JPG.usdc', 'Metal028_1K-JPG_Roughness.jpg', 'Metal028.png', 'Metal028_1K-JPG_Displacement.jpg', 'Metal028_1K-JPG.blend', 'Metal028_1K-JPG_NormalDX.jpg', 'Metal028_1K-JPG.mtlx', 'Metal028_1K-JPG.tres', 'Metal028_1K-JPG_Metalness.jpg']
2026-01-18 14:48:18 Get ground_plane_diagonal=1.6142604394610143, ground_plane_diagonal_scale=0.5
2026-01-18 14:48:18 Set camera: r=2.242028388140297 phi=59.429154449892955 theta=355.05367994489967 zoom_scale=0.5
2026-01-18 14:48:18 Set camera focal length =57.11440412126747
2026-01-18 14:48:18 Set num of lights: 9
2026-01-18 14:48:18 Set lights #0: location: <Vector (-0.5173, -0.0563, 4.9325)> energy: 120.40413665771484 color: <Color (r=0.5484, g=0.3940, b=0.9793)>
2026-01-18 14:48:18 Set lights #1: location: <Vector (-1.8976, 0.1362, 4.9325)> energy: 70.25353240966797 color: <Color (r=0.0256, g=0.8231, b=0.5013)>
2026-01-18 14:48:18 Set lights #2: location: <Vector (0.1332, 2.5249, 4.9325)> energy: 149.49200439453125 color: <Color (r=0.3859, g=0.0112, b=0.3672)>
2026-01-18 14:48:18 Set lights #3: location: <Vector (2.3755, -0.8601, 4.9325)> energy: 91.87066650390625 color: <Color (r=0.5612, g=0.8397, b=0.8449)>
2026-01-18 14:48:18 Set lights #4: location: <Vector (1.0018, 0.5119, 4.9325)> energy: 133.98077392578125 color: <Color (r=0.9478, g=0.3657, b=0.6119)>
2026-01-18 14:48:18 Set lights #5: location: <Vector (-0.2635, -1.4740, 4.9325)> energy: 31.41337013244629 color: <Color (r=0.1377, g=0.2244, b=0.8465)>
2026-01-18 14:48:18 Set lights #6: location: <Vector (-2.0706, 1.8871, 4.9325)> energy: 75.15765380859375 color: <Color (r=0.8687, g=0.9262, b=0.7603)>
2026-01-18 14:48:18 Set lights #7: location: <Vector (-1.8054, 2.0927, 4.9325)> energy: 16.229938507080078 color: <Color (r=0.6988, g=0.1958, b=0.1455)>
2026-01-18 14:48:18 Set lights #8: location: <Vector (1.8235, 2.8396, 4.9325)> energy: 149.9916534423828 color: <Color (r=0.3770, g=0.6082, b=0.2590)>
2026-01-18 14:48:43 Rendered image to path: /Users/alanmorillo/waldo/SynMfg_Code/Render_Output/images filename: 5
2026-01-18 14:48:43 Time passed: 24.891121864318848
