2026-01-18 14:48:43 Set object texture for: collection_5_uvsphere_distractor
2026-01-18 14:48:43 Final texture type: 3 (random texture=0, color texture=1, image texture=2, procedural texture=3, material texture=4, none=5)
2026-01-18 14:48:43 Set BSDF Metallic: 0.0
2026-01-18 14:48:43 Set BSDF Specular: 0.47161078950825314
2026-01-18 14:48:43 Set BSDF Roughness: 0.7792875590356065
2026-01-18 14:48:43 Set material texture: data/PBR_Textures/Metal028_1K-JPG ['Metal028_1K-JPG_NormalGL.jpg', 'Metal028_1K-JPG_Color.jpg', 'Metal028_1K-JPG.usdc', 'Metal028_1K-JPG_Roughness.jpg', 'Metal028.png', 'Metal028_1K-JPG_Displacement.jpg', 'Metal028_1K-JPG.blend', 'Metal028_1K-JPG_NormalDX.jpg', 'Metal028_1K-JPG.mtlx', 'Metal028_1K-JPG.tres', 'Metal028_1K-JPG_Metalness.jpg']
2026-01-18 14:48:43 Set object texture for: collection_1_cylinder_distractor
2026-01-18 14:48:43 Final texture type: 3 (random texture=0, color texture=1, image texture=2, procedural texture=3, material texture=4, none=5)
2026-01-18 14:48:43 Set BSDF Metallic: 0.0
2026-01-18 14:48:43 Set BSDF Specular: 0.3361389916687477
2026-01-18 14:48:43 Set BSDF Roughness: 0.30444817317982886
2026-01-18 14:48:43 Set material texture: data/PBR_Textures/Metal027_1K-JPG ['Metal027_1K-JPG.usdc', 'Metal027_1K-JPG.blend', 'Metal027_1K-JPG_NormalGL.jpg', 'Metal027_1K-JPG_Roughness.jpg', 'Metal027.png', 'Metal027_1K-JPG_Color.jpg', 'Metal027_1K-JPG.mtlx', 'Metal027_1K-JPG_Displacement.jpg', 'Metal027_1K-JPG_NormalDX.jpg', 'Metal027_1K-JPG.tres', 'Metal027_1K-JPG_Metalness.jpg']
2026-01-18 14:48:43 Set object texture for: collection_2_icosphere_distractor
2026-01-18 14:48:43 Final texture type: 3 (random texture=0, color texture=1, image texture=2, procedural texture=3, material texture=4, none=5)
2026-01-18 14:48:43 Set BSDF Metallic: 0.0
2026-01-18 14:48:43 Set BSDF Specular: 0.26280290968937386
2026-01-18 14:48:43 Set BSDF Roughness: 0.7283865235770357
2026-01-18 14:48:43 Set material texture: data/PBR_Textures/Metal028_1K-JPG ['Metal028_1K-JPG_NormalGL.jpg', 'Metal028_1K-JPG_Color.jpg', 'Metal028_1K-JPG.usdc', 'Metal028_1K-JPG_Roughness.jpg', 'Metal028.png', 'Metal028_1K-JPG_Displacement.jpg', 'Metal028_1K-JPG.blend', 'Metal028_1K-JPG_NormalDX.jpg', 'Metal028_1K-JPG.mtlx', 'Metal028_1K-JPG.tres', 'Metal028_1K-JPG_Metalness.jpg']
2026-01-18 14:48:43 Set object texture for: collection_4_icosphere_distractor
2026-01-18 14:48:43 Final texture type: 3 (random texture=0, color texture=1, image texture=2, procedural texture=3, material texture=4, none=5)
2026-01-18 14:48:43 Set BSDF Metallic: 0.0
2026-01-18 14:48:43 Set BSDF Specular: 0.6597275551807757
2026-01-18 14:48:43 Set BSDF Roughness: 0.3158715840733664
2026-01-18 14:48:43 Set material texture: data/PBR_Textures/Metal027_1K-JPG ['Metal027_1K-JPG.usdc', 'Metal027_1K-JPG.blend', 'Metal027_1K-JPG_NormalGL.jpg', 'Metal027_1K-JPG_Roughness.jpg', 'Metal027.png', 'Metal027_1K-JPG_Color.jpg', 'Metal027_1K-JPG.mtlx', 'Metal027_1K-JPG_Displacement.jpg', 'Metal027_1K-JPG_NormalDX.jpg', 'Metal027_1K-JPG.tres', 'Metal027_1K-JPG_Metalness.jpg']
2026-01-18 14:48:43 Set object texture for: collection_3_uvsphere_distractor
2026-01-18 14:48:43 Final texture type: 3 (random texture=0, color texture=1, image texture=2, procedural texture=3, material texture=4, none=5)
2026-01-18 14:48:43 Set BSDF Metallic: 0.0
2026-01-18 14:48:43 Set BSDF Specular: 0.5285573950658156
2026-01-18 14:48:43 Set BSDF Roughness: 0.7049304383810517
2026-01-18 14:48:43 Set material texture: data/PBR_Textures/Metal027_1K-JPG ['Metal027_1K-JPG.usdc', 'Metal027_1K-JPG.blend', 'Metal027_1K-JPG_NormalGL.jpg', 'Metal027_1K-JPG_Roughness.jpg', 'Metal027.png', 'Metal027_1K-JPG_Color.jpg', 'Metal027_1K-JPG.mtlx', 'Metal027_1K-JPG_Displacement.jpg', 'Metal027_1K-JPG_NormalDX.jpg', 'Metal027_1K-JPG.tres', 'Metal027_1K-JPG_Metalness.jpg']
2026-01-18 14:48:43 Get ground_plane_diagonal=0.4242640687119285, ground_plane_diagonal_scale=0.5
2026-01-18 14:48:43 Set camera: r=0.5892556509887895 phi=12.224515390318363 theta=302.5907399483916 zoom_scale=0.5
2026-01-18 14:48:43 Set camera focal length =68.7232955118487
2026-01-18 14:48:43 Set num of lights: 2
2026-01-18 14:48:43 Set lights #0: location: <Vector (0.5001, -0.3940, 1.2964)> energy: 39.947574615478516 color: <Color (r=0.2392, g=0.1033, b=0.0305)>
2026-01-18 14:48:43 Set lights #1: location: <Vector (0.2661, -0.3427, 1.2964)> energy: 33.010231018066406 color: <Color (r=0.4382, g=0.9517, b=0.3014)>
2026-01-18 14:49:03 Rendered image to path: /Users/alanmorillo/waldo/SynMfg_Code/Render_Output/images filename: 6
2026-01-18 14:49:03 Time passed: 20.058066844940186
