2026-01-18 14:49:03 Use existing Collection: collection_ScrewThreaded.obj_object
2026-01-18 14:49:03 Set object name: object_ScrewThreaded.obj0
2026-01-18 14:49:03 Set object rotation x: 250.0995081384612, y: 289.1723373209713
2026-01-18 14:49:03 Set object texture for: collection_3_cylinder_distractor
2026-01-18 14:49:03 Final texture type: 3 (random texture=0, color texture=1, image texture=2, procedural texture=3, material texture=4, none=5)
2026-01-18 14:49:03 Set BSDF Metallic: 0.0
2026-01-18 14:49:03 Set BSDF Specular: 0.3713626563596093
2026-01-18 14:49:03 Set BSDF Roughness: 0.22822770313284768
2026-01-18 14:49:03 Set material texture: data/PBR_Textures/Metal027_1K-JPG ['Metal027_1K-JPG.usdc', 'Metal027_1K-JPG.blend', 'Metal027_1K-JPG_NormalGL.jpg', 'Metal027_1K-JPG_Roughness.jpg', 'Metal027.png', 'Metal027_1K-JPG_Color.jpg', 'Metal027_1K-JPG.mtlx', 'Metal027_1K-JPG_Displacement.jpg', 'Metal027_1K-JPG_NormalDX.jpg', 'Metal027_1K-JPG.tres', 'Metal027_1K-JPG_Metalness.jpg']
2026-01-18 14:49:03 Set object texture for: collection_4_uvsphere_distractor
2026-01-18 14:49:03 Final texture type: 3 (random texture=0, color texture=1, image texture=2, procedural texture=3, material texture=4, none=5)
2026-01-18 14:49:03 Set BSDF Metallic: 0.0
2026-01-18 14:49:03 Set BSDF Specular: 0.26250905303745253
2026-01-18 14:49:03 Set BSDF Roughness: 0.5290044109378347
2026-01-18 14:49:03 Set material texture: data/PBR_Textures/Metal028_1K-JPG ['Metal028_1K-JPG_NormalGL.jpg', 'Metal028_1K-JPG_Color.jpg', 'Metal028_1K-JPG.usdc', 'Metal028_1K-JPG_Roughness.jpg', 'Metal028.png', 'Metal028_1K-JPG_Displacement.jpg', 'Metal028_1K-JPG.blend', 'Metal028_1K-JPG_NormalDX.jpg', 'Metal028_1K-JPG.mtlx', 'Metal028_1K-JPG.tres', 'Metal028_1K-JPG_Metalness.jpg']
2026-01-18 14:49:03 Set object texture for: collection_ScrewThreaded.obj_object
2026-01-18 14:49:03 Final texture type: 3 (random texture=0, color texture=1, image texture=2, procedural texture=3, material texture=4, none=5)
2026-01-18 14:49:03 Set BSDF Metallic: 0.0
2026-01-18 14:49:03 Set BSDF Specular: 0.5778254744066795
2026-01-18 14:49:03 Set BSDF Roughness: 0.5835673214475812
2026-01-18 14:49:03 Set material texture: data/PBR_Textures/Metal027_1K-JPG ['Metal027_1K-JPG.usdc', 'Metal027_1K-JPG.blend', 'Metal027_1K-JPG_NormalGL.jpg', 'Metal027_1K-JPG_Roughness.jpg', 'Metal027.png', 'Metal027_1K-JPG_Color.jpg', 'Metal027_1K-JPG.mtlx', 'Metal027_1K-JPG_Displacement.jpg', 'Metal027_1K-JPG_NormalDX.jpg', 'Metal027_1K-JPG.tres', 'Metal027_1K-JPG_Metalness.jpg']
2026-01-18 14:49:03 Set object texture for: collection_2_cone_distractor
2026-01-18 14:49:03 Final texture type: 3 (random texture=0, color texture=1, image texture=2, procedural texture=3, material texture=4, none=5)
2026-01-18 14:49:03 Set BSDF Metallic: 0.0
2026-01-18 14:49:03 Set BSDF Specular: 0.5200271129594545
2026-01-18 14:49:03 Set BSDF Roughness: 0.7373125251718144
2026-01-18 14:49:03 Set material texture: data/PBR_Textures/Metal027_1K-JPG ['Metal027_1K-JPG.usdc', 'Metal027_1K-JPG.blend', 'Metal027_1K-JPG_NormalGL.jpg', 'Metal027_1K-JPG_Roughness.jpg', 'Metal027.png', 'Metal027_1K-JPG_Color.jpg', 'Metal027_1K-JPG.mtlx', 'Metal027_1K-JPG_Displacement.jpg', 'Metal027_1K-JPG_NormalDX.jpg', 'Metal027_1K-JPG.tres', 'Metal027_1K-JPG_Metalness.jpg']
2026-01-18 14:49:03 Set object texture for: collection_1_icosphere_distractor
2026-01-18 14:49:03 Final texture type: 3 (random texture=0, color texture=1, image texture=2, procedural texture=3, material texture=4, none=5)
2026-01-18 14:49:03 Set BSDF Metallic: 0.0
2026-01-18 14:49:03 Set BSDF Specular: 0.47692588728864005
2026-01-18 14:49:03 Set BSDF Roughness: 0.5800136864198586
2026-01-18 14:49:03 Set material texture: data/PBR_Textures/Metal028_1K-JPG ['Metal028_1K-JPG_NormalGL.jpg', 'Metal028_1K-JPG_Color.jpg', 'Metal028_1K-JPG.usdc', 'Metal028_1K-JPG_Roughness.jpg', 'Metal028.png', 'Metal028_1K-JPG_Displacement.jpg', 'Metal028_1K-JPG.blend', 'Metal028_1K-JPG_NormalDX.jpg', 'Metal028_1K-JPG.mtlx', 'Metal028_1K-JPG.tres', 'Metal028_1K-JPG_Metalness.jpg']
2026-01-18 14:49:03 Set object texture for: collection_5_uvsphere_distractor
2026-01-18 14:49:03 Final texture type: 3 (random texture=0, color texture=1, image texture=2, procedural texture=3, material texture=4, none=5)
2026-01-18 14:49:03 Set BSDF Metallic: 0.0
2026-01-18 14:49:03 Set BSDF Specular: 0.7749011346189536
2026-01-18 14:49:03 Set BSDF Roughness: 0.30961318475466204
2026-01-18 14:49:03 Set material texture: data/PBR_Textures/Metal028_1K-JPG ['Metal028_1K-JPG_NormalGL.jpg', 'Metal028_1K-JPG_Color.jpg', 'Metal028_1K-JPG.usdc', 'Metal028_1K-JPG_Roughness.jpg', 'Metal028.png', 'Metal028_1K-JPG_Displacement.jpg', 'Metal028_1K-JPG.blend', 'Metal028_1K-JPG_NormalDX.jpg', 'Metal028_1K-JPG.mtlx', 'Metal028_1K-JPG.tres', 'Metal028_1K-JPG_Metalness.jpg']
2026-01-18 14:49:03 Get ground_plane_diagonal=1.4945781011622512, ground_plane_diagonal_scale=0.5
2026-01-18 14:49:03 Set camera: r=2.075802918280904 phi=34.327354721510964 theta=126.70509454808895 zoom_scale=0.5
2026-01-18 14:49:03 Set camera focal length =60.98371547607987
2026-01-18 14:49:03 Set num of lights: 9
2026-01-18 14:49:03 Set lights #0: location: <Vector (-1.2939, 0.0988, 4.5668)> energy: 6.2595367431640625 color: <Color (r=0.4429, g=0.1463, b=0.4790)>
2026-01-18 14:49:03 Set lights #1: location: <Vector (-0.9289, 0.2357, 4.5668)> energy: 11.282698631286621 color: <Color (r=0.0311, g=0.0202, b=0.3009)>
2026-01-18 14:49:03 Set lights #2: location: <Vector (1.8128, -1.5448, 4.5668)> energy: 41.597347259521484 color: <Color (r=0.8728, g=0.3310, b=0.0772)>
2026-01-18 14:49:03 Set lights #3: location: <Vector (-0.6392, -0.1297, 4.5668)> energy: 25.641576766967773 color: <Color (r=0.7616, g=0.4530, b=0.3537)>
2026-01-18 14:49:03 Set lights #4: location: <Vector (1.0629, -1.5227, 4.5668)> energy: 50.143489837646484 color: <Color (r=0.8956, g=0.6323, b=0.2790)>
2026-01-18 14:49:03 Set lights #5: location: <Vector (2.8293, -0.6972, 4.5668)> energy: 85.89224243164062 color: <Color (r=0.6819, g=0.7681, b=0.5144)>
2026-01-18 14:49:03 Set lights #6: location: <Vector (0.8490, 0.0508, 4.5668)> energy: 69.50048828125 color: <Color (r=0.2489, g=0.2911, b=0.0583)>
2026-01-18 14:49:03 Set lights #7: location: <Vector (1.7399, 1.8236, 4.5668)> energy: 135.73049926757812 color: <Color (r=0.1574, g=0.2042, b=0.1978)>
2026-01-18 14:49:03 Set lights #8: location: <Vector (-0.2315, 2.4097, 4.5668)> energy: 94.39700317382812 color: <Color (r=0.6594, g=0.9364, b=0.5342)>
2026-01-18 14:49:28 Rendered image to path: /Users/alanmorillo/waldo/SynMfg_Code/Render_Output/images filename: 7
2026-01-18 14:49:28 Time passed: 25.044470071792603
