2026-01-18 14:49:28 Set object texture for: collection_1_cone_distractor
2026-01-18 14:49:28 Final texture type: 3 (random texture=0, color texture=1, image texture=2, procedural texture=3, material texture=4, none=5)
2026-01-18 14:49:28 Set BSDF Metallic: 0.0
2026-01-18 14:49:28 Set BSDF Specular: 0.3031675076832578
2026-01-18 14:49:28 Set BSDF Roughness: 0.7396670406476
2026-01-18 14:49:28 Set material texture: data/PBR_Textures/Metal027_1K-JPG ['Metal027_1K-JPG.usdc', 'Metal027_1K-JPG.blend', 'Metal027_1K-JPG_NormalGL.jpg', 'Metal027_1K-JPG_Roughness.jpg', 'Metal027.png', 'Metal027_1K-JPG_Color.jpg', 'Metal027_1K-JPG.mtlx', 'Metal027_1K-JPG_Displacement.jpg', 'Metal027_1K-JPG_NormalDX.jpg', 'Metal027_1K-JPG.tres', 'Metal027_1K-JPG_Metalness.jpg']
2026-01-18 14:49:28 Set object texture for: collection_2_cylinder_distractor
2026-01-18 14:49:28 Final texture type: 3 (random texture=0, color texture=1, image texture=2, procedural texture=3, material texture=4, none=5)
2026-01-18 14:49:28 Set BSDF Metallic: 0.0
2026-01-18 14:49:28 Set BSDF Specular: 0.31837889470960284
2026-01-18 14:49:28 Set BSDF Roughness: 0.39195797254737763
2026-01-18 14:49:28 Set material texture: data/PBR_Textures/Metal028_1K-JPG ['Metal028_1K-JPG_NormalGL.jpg', 'Metal028_1K-JPG_Color.jpg', 'Metal028_1K-JPG.usdc', 'Metal028_1K-JPG_Roughness.jpg', 'Metal028.png', 'Metal028_1K-JPG_Displacement.jpg', 'Metal028_1K-JPG.blend', 'Metal028_1K-JPG_NormalDX.jpg', 'Metal028_1K-JPG.mtlx', 'Metal028_1K-JPG.tres', 'Metal028_1K-JPG_Metalness.jpg']
2026-01-18 14:49:28 Set object texture for: collection_3_cylinder_distractor
2026-01-18 14:49:28 Final texture type: 3 (random texture=0, color texture=1, image texture=2, procedural texture=3, material texture=4, none=5)
2026-01-18 14:49:28 Set BSDF Metallic: 0.0
2026-01-18 14:49:28 Set BSDF Specular: 0.5444726646347735
2026-01-18 14:49:28 Set BSDF Roughness: 0.7013448446669246
2026-01-18 14:49:28 Set material texture: data/PBR_Textures/Metal028_1K-JPG ['Metal028_1K-JPG_NormalGL.jpg', 'Metal028_1K-JPG_Color.jpg', 'Metal028_1K-JPG.usdc', 'Metal028_1K-JPG_Roughness.jpg', 'Metal028.png', 'Metal028_1K-JPG_Displacement.jpg', 'Metal028_1K-JPG.blend', 'Metal028_1K-JPG_NormalDX.jpg', 'Metal028_1K-JPG.mtlx', 'Metal028_1K-JPG.tres', 'Metal028_1K-JPG_Metalness.jpg']
2026-01-18 14:49:28 Get ground_plane_diagonal=0.4242640687119285, ground_plane_diagonal_scale=0.5
2026-01-18 14:49:28 Set camera: r=0.5892556509887895 phi=6.157170481905334 theta=104.19001159360691 zoom_scale=0.5
2026-01-18 14:49:28 Set camera focal length =61.15980356082536
2026-01-18 14:49:28 Set num of lights: 2
2026-01-18 14:49:28 Set lights #0: location: <Vector (-0.3098, 0.5922, 1.2964)> energy: 29.718427658081055 color: <Color (r=0.9687, g=0.5353, b=0.4064)>
2026-01-18 14:49:28 Set lights #1: location: <Vector (0.7246, -0.3012, 1.2964)> energy: 90.25496673583984 color: <Color (r=0.4538, g=0.2236, b=0.9905)>
2026-01-18 14:49:48 Rendered image to path: /Users/alanmorillo/waldo/SynMfg_Code/Render_Output/images filename: 8
2026-01-18 14:49:48 Time passed: 20.466543197631836
